# Test Case - The logs provided herein are for future analysis and contains an example of how a computer system turns it self on on the middle on the night and have access to an ecrypted system.

Apr 06 15:27:59 workstation kernel: Linux version 6.8.2-1-default (geeko@buildhost) (gcc (SUSE Linux) 13.2.1 20240206 [revision 67ac78caf31f7cb3202177e6428a46d829b70f23], GNU ld (GNU Binutils; openSUSE Tumbleweed) 2.42.0.20240130-2) #1 SMP PREEMPT_DYNAMIC Tue Apr  2 09:38:08 UTC 2024 (2eb0f0f)
Apr 06 15:27:59 workstation kernel: Command line: BOOT_IMAGE=/boot/vmlinuz-6.8.2-1-default root=UUID=74439765-9733-476f-ba82-6925c96377ea splash=silent quiet rd.shell=0 security=apparmor mitigations=auto
Apr 06 15:27:59 workstation kernel: BIOS-provided physical RAM map:
Apr 06 15:27:59 workstation kernel: BIOS-e820: [mem 0x0000000000000000-0x0000000000057fff] usable
Apr 06 15:27:59 workstation kernel: BIOS-e820: [mem 0x0000000000058000-0x0000000000058fff] reserved
Apr 06 15:27:59 workstation kernel: BIOS-e820: [mem 0x0000000000059000-0x000000000009dfff] usable
Apr 06 15:27:59 workstation kernel: BIOS-e820: [mem 0x000000000009e000-0x00000000000fffff] reserved
Apr 06 15:27:59 workstation kernel: BIOS-e820: [mem 0x0000000000100000-0x000000003fffffff] usable
Apr 06 15:27:59 workstation kernel: BIOS-e820: [mem 0x0000000040000000-0x00000000403fffff] reserved
Apr 06 15:27:59 workstation kernel: BIOS-e820: [mem 0x0000000040400000-0x0000000066726fff] usable
Apr 06 15:27:59 workstation kernel: BIOS-e820: [mem 0x0000000066727000-0x0000000066727fff] ACPI NVS
Apr 06 15:27:59 workstation kernel: BIOS-e820: [mem 0x0000000066728000-0x0000000066728fff] reserved
Apr 06 15:27:59 workstation kernel: BIOS-e820: [mem 0x0000000066729000-0x000000007e3adfff] usable
Apr 06 15:27:59 workstation kernel: BIOS-e820: [mem 0x000000007e3ae000-0x000000007f88dfff] reserved
Apr 06 15:27:59 workstation kernel: BIOS-e820: [mem 0x000000007f88e000-0x000000007ff7dfff] ACPI NVS
Apr 06 15:27:59 workstation kernel: BIOS-e820: [mem 0x000000007ff7e000-0x000000007fffdfff] ACPI data
Apr 06 15:27:59 workstation kernel: BIOS-e820: [mem 0x000000007fffe000-0x000000007fffefff] usable
Apr 06 15:27:59 workstation kernel: BIOS-e820: [mem 0x000000007ffff000-0x000000008cffffff] reserved
Apr 06 15:27:59 workstation kernel: BIOS-e820: [mem 0x00000000e0000000-0x00000000efffffff] reserved
Apr 06 15:27:59 workstation kernel: BIOS-e820: [mem 0x00000000fd000000-0x00000000fe7fffff] reserved
Apr 06 15:27:59 workstation kernel: BIOS-e820: [mem 0x00000000fec00000-0x00000000fec00fff] reserved
Apr 06 15:27:59 workstation kernel: BIOS-e820: [mem 0x00000000fed00000-0x00000000fed00fff] reserved
Apr 06 15:27:59 workstation kernel: BIOS-e820: [mem 0x00000000fed10000-0x00000000fed19fff] reserved
Apr 06 15:27:59 workstation kernel: BIOS-e820: [mem 0x00000000fed84000-0x00000000fed84fff] reserved
Apr 06 15:27:59 workstation kernel: BIOS-e820: [mem 0x00000000fee00000-0x00000000fee00fff] reserved
Apr 06 15:27:59 workstation kernel: BIOS-e820: [mem 0x00000000ffa00000-0x00000000ffffffff] reserved
Apr 06 15:27:59 workstation kernel: BIOS-e820: [mem 0x0000000100000000-0x0000000371ffffff] usable
Apr 06 15:27:59 workstation kernel: NX (Execute Disable) protection: active
Apr 06 15:27:59 workstation kernel: APIC: Static calls initialized
Apr 06 15:27:59 workstation kernel: e820: update [mem 0x6411f018-0x6412f057] usable ==> usable
Apr 06 15:27:59 workstation kernel: e820: update [mem 0x6411f018-0x6412f057] usable ==> usable
Apr 06 15:27:59 workstation kernel: extended physical RAM map:
Apr 06 15:27:59 workstation kernel: reserve setup_data: [mem 0x0000000000000000-0x0000000000057fff] usable
Apr 06 15:27:59 workstation kernel: reserve setup_data: [mem 0x0000000000058000-0x0000000000058fff] reserved
Apr 06 15:27:59 workstation kernel: reserve setup_data: [mem 0x0000000000059000-0x000000000009dfff] usable
Apr 06 15:27:59 workstation kernel: reserve setup_data: [mem 0x000000000009e000-0x00000000000fffff] reserved
Apr 06 15:27:59 workstation kernel: reserve setup_data: [mem 0x0000000000100000-0x000000003fffffff] usable
Apr 06 15:27:59 workstation kernel: reserve setup_data: [mem 0x0000000040000000-0x00000000403fffff] reserved
Apr 06 15:27:59 workstation kernel: reserve setup_data: [mem 0x0000000040400000-0x000000006411f017] usable
Apr 06 15:27:59 workstation kernel: reserve setup_data: [mem 0x000000006411f018-0x000000006412f057] usable
Apr 06 15:27:59 workstation kernel: reserve setup_data: [mem 0x000000006412f058-0x0000000066726fff] usable
Apr 06 15:27:59 workstation kernel: reserve setup_data: [mem 0x0000000066727000-0x0000000066727fff] ACPI NVS
Apr 06 15:27:59 workstation kernel: reserve setup_data: [mem 0x0000000066728000-0x0000000066728fff] reserved
Apr 06 15:27:59 workstation kernel: reserve setup_data: [mem 0x0000000066729000-0x000000007e3adfff] usable
Apr 06 15:27:59 workstation kernel: reserve setup_data: [mem 0x000000007e3ae000-0x000000007f88dfff] reserved
Apr 06 15:27:59 workstation kernel: reserve setup_data: [mem 0x000000007f88e000-0x000000007ff7dfff] ACPI NVS
Apr 06 15:27:59 workstation kernel: reserve setup_data: [mem 0x000000007ff7e000-0x000000007fffdfff] ACPI data
Apr 06 15:27:59 workstation kernel: reserve setup_data: [mem 0x000000007fffe000-0x000000007fffefff] usable
Apr 06 15:27:59 workstation kernel: reserve setup_data: [mem 0x000000007ffff000-0x000000008cffffff] reserved
Apr 06 15:27:59 workstation kernel: reserve setup_data: [mem 0x00000000e0000000-0x00000000efffffff] reserved
Apr 06 15:27:59 workstation kernel: reserve setup_data: [mem 0x00000000fd000000-0x00000000fe7fffff] reserved
Apr 06 15:27:59 workstation kernel: reserve setup_data: [mem 0x00000000fec00000-0x00000000fec00fff] reserved
Apr 06 15:27:59 workstation kernel: reserve setup_data: [mem 0x00000000fed00000-0x00000000fed00fff] reserved
Apr 06 15:27:59 workstation kernel: reserve setup_data: [mem 0x00000000fed10000-0x00000000fed19fff] reserved
Apr 06 15:27:59 workstation kernel: reserve setup_data: [mem 0x00000000fed84000-0x00000000fed84fff] reserved
Apr 06 15:27:59 workstation kernel: reserve setup_data: [mem 0x00000000fee00000-0x00000000fee00fff] reserved
Apr 06 15:27:59 workstation kernel: reserve setup_data: [mem 0x00000000ffa00000-0x00000000ffffffff] reserved
Apr 06 15:27:59 workstation kernel: reserve setup_data: [mem 0x0000000100000000-0x0000000371ffffff] usable
Apr 06 15:27:59 workstation kernel: efi: EFI v2.5 by INSYDE Corp.
Apr 06 15:27:59 workstation kernel: efi: ACPI 2.0=0x7fffd014 SMBIOS=0x7f031000 SMBIOS 3.0=0x7f02e000 ESRT=0x7f02b318 MEMATTR=0x6eb92018 MOKvar=0x6eaf3000 RNG=0x7ffa2018 TPMEventLog=0x64130018 
Apr 06 15:27:59 workstation kernel: random: crng init done
Apr 06 15:27:59 workstation kernel: TPM Final Events table not present
Apr 06 15:27:59 workstation kernel: efi: Remove mem45: MMIO range=[0xe0000000-0xefffffff] (256MB) from e820 map
Apr 06 15:27:59 workstation kernel: e820: remove [mem 0xe0000000-0xefffffff] reserved
Apr 06 15:27:59 workstation kernel: efi: Remove mem46: MMIO range=[0xfd000000-0xfe7fffff] (24MB) from e820 map
Apr 06 15:27:59 workstation kernel: e820: remove [mem 0xfd000000-0xfe7fffff] reserved
Apr 06 15:27:59 workstation kernel: efi: Not removing mem47: MMIO range=[0xfec00000-0xfec00fff] (4KB) from e820 map
Apr 06 15:27:59 workstation kernel: efi: Not removing mem48: MMIO range=[0xfed00000-0xfed00fff] (4KB) from e820 map
Apr 06 15:27:59 workstation kernel: efi: Not removing mem49: MMIO range=[0xfed10000-0xfed19fff] (40KB) from e820 map
Apr 06 15:27:59 workstation kernel: efi: Not removing mem50: MMIO range=[0xfed84000-0xfed84fff] (4KB) from e820 map
Apr 06 15:27:59 workstation kernel: efi: Not removing mem51: MMIO range=[0xfee00000-0xfee00fff] (4KB) from e820 map
Apr 06 15:27:59 workstation kernel: efi: Remove mem52: MMIO range=[0xffa00000-0xffffffff] (6MB) from e820 map
Apr 06 15:27:59 workstation kernel: e820: remove [mem 0xffa00000-0xffffffff] reserved
Apr 06 15:27:59 workstation kernel: secureboot: Secure boot enabled
Apr 06 15:27:59 workstation kernel: Kernel is locked down from EFI Secure Boot mode; see man kernel_lockdown.7
Apr 06 15:27:59 workstation kernel: SMBIOS 3.0.0 present.
Apr 06 15:27:59 workstation kernel: DMI: HP HP Pavilion Laptop 15-cs0xxx/84BE, BIOS F.30 12/18/2023
Apr 06 15:27:59 workstation kernel: tsc: Detected 1800.000 MHz processor
Apr 06 15:27:59 workstation kernel: e820: update [mem 0x00000000-0x00000fff] usable ==> reserved
Apr 06 15:27:59 workstation kernel: e820: remove [mem 0x000a0000-0x000fffff] usable
Apr 06 15:27:59 workstation kernel: last_pfn = 0x372000 max_arch_pfn = 0x400000000
Apr 06 15:27:59 workstation kernel: MTRR map: 4 entries (3 fixed + 1 variable; max 23), built from 10 variable MTRRs
Apr 06 15:27:59 workstation kernel: x86/PAT: Configuration [0-7]: WB  WC  UC- UC  WB  WP  UC- WT  
Apr 06 15:27:59 workstation kernel: last_pfn = 0x7ffff max_arch_pfn = 0x400000000
Apr 06 15:27:59 workstation kernel: esrt: Reserving ESRT space from 0x000000007f02b318 to 0x000000007f02b350.
Apr 06 15:27:59 workstation kernel: e820: update [mem 0x6eaf3000-0x6eaf3fff] usable ==> reserved
Apr 06 15:27:59 workstation kernel: Using GB pages for direct mapping
Apr 06 15:27:59 workstation kernel: secureboot: Secure boot enabled
Apr 06 15:27:59 workstation kernel: RAMDISK: [mem 0x6413c000-0x660bcfff]
Apr 06 15:27:59 workstation kernel: ACPI: Early table checksum verification disabled
Apr 06 15:27:59 workstation kernel: ACPI: RSDP 0x000000007FFFD014 000024 (v02 HPQOEM)
Apr 06 15:27:59 workstation kernel: ACPI: XSDT 0x000000007FFBB188 00013C (v01 HPQOEM SLIC-MPC 00000000 HP   01000013)
Apr 06 15:27:59 workstation kernel: ACPI: FACP 0x000000007FFE6000 00010C (v05 HPQOEM SLIC-MPC 00000000 HP   00040000)
Apr 06 15:27:59 workstation kernel: ACPI: DSDT 0x000000007FFBF000 023A60 (v02 HPQOEM 84BE     00000000 ACPI 00040000)
Apr 06 15:27:59 workstation kernel: ACPI: FACS 0x000000007FF52000 000040
Apr 06 15:27:59 workstation kernel: ACPI: UEFI 0x000000007FFFC000 000236 (v01 HPQOEM 84BE     00000001 HP   00040000)
Apr 06 15:27:59 workstation kernel: ACPI: UEFI 0x000000007FFFB000 000042 (v01 HPQOEM 84BE     00000002 HP   00040000)
Apr 06 15:27:59 workstation kernel: ACPI: IHIS 0x000000007FFFA000 000038 (v01 HPQOEM 84BE     00000001 HP   00040000)
Apr 06 15:27:59 workstation kernel: ACPI: SSDT 0x000000007FFF3000 0068CF (v01 HPQOEM 84BE     00001000 ACPI 00040000)
Apr 06 15:27:59 workstation kernel: ACPI: MSDM 0x000000007FFF2000 000055 (v03 HPQOEM SLIC-MPC 00000001 HP   00040000)
Apr 06 15:27:59 workstation kernel: ACPI: SSDT 0x000000007FFF1000 0004C3 (v02 HPQOEM 84BE     00001000 ACPI 00040000)
Apr 06 15:27:59 workstation kernel: ACPI: SSDT 0x000000007FFF0000 000046 (v02 HPQOEM 84BE     00003000 ACPI 00040000)
Apr 06 15:27:59 workstation kernel: ACPI: TPM2 0x000000007FFEF000 000034 (v03 HPQOEM 84BE     00000000 HP   00040000)
Apr 06 15:27:59 workstation kernel: ACPI: SSDT 0x000000007FFEB000 00314A (v02 HPQOEM 84BE     00003000 ACPI 00040000)
Apr 06 15:27:59 workstation kernel: ACPI: ASF! 0x000000007FFEA000 0000A5 (v32 HPQOEM 84BE     00000001 HP   00040000)
Apr 06 15:27:59 workstation kernel: ACPI: ASPT 0x000000007FFE9000 000034 (v07 HPQOEM 84BE     00000001 HP   00040000)
Apr 06 15:27:59 workstation kernel: ACPI: BOOT 0x000000007FFE8000 000028 (v01 HPQOEM 84BE     00000001 HP   00040000)
Apr 06 15:27:59 workstation kernel: ACPI: DBGP 0x000000007FFE7000 000034 (v01 HPQOEM SLIC-MPC 00000001 HP   00040000)
Apr 06 15:27:59 workstation kernel: ACPI: HPET 0x000000007FFE5000 000038 (v01 HPQOEM 84BE     00000001 HP   00040000)
Apr 06 15:27:59 workstation kernel: ACPI: APIC 0x000000007FFE4000 00012C (v03 HPQOEM 84BE     00000001 HP   00040000)
Apr 06 15:27:59 workstation kernel: ACPI: MCFG 0x000000007FFE3000 00003C (v01 HPQOEM 84BE     00000001 HP   00040000)
Apr 06 15:27:59 workstation kernel: ACPI: SSDT 0x000000007FFBE000 0001EB (v02 HPQOEM 84BE     00000000 ACPI 00040000)
Apr 06 15:27:59 workstation kernel: ACPI: SSDT 0x000000007FFBD000 0000EE (v01 HPQOEM 84BE     00001000 ACPI 00040000)
Apr 06 15:27:59 workstation kernel: ACPI: LPIT 0x000000007FFBC000 000094 (v01 HPQOEM 84BE     00000000 HP   00040000)
Apr 06 15:27:59 workstation kernel: ACPI: WSMT 0x000000007FFBA000 000028 (v01 HPQOEM 84BE     00000000 HP   00040000)
Apr 06 15:27:59 workstation kernel: ACPI: SSDT 0x000000007FFB9000 00029F (v02 HPQOEM 84BE     00000000 ACPI 00040000)
Apr 06 15:27:59 workstation kernel: ACPI: SSDT 0x000000007FFB8000 000346 (v01 HPQOEM 84BE     00000000 ACPI 00040000)
Apr 06 15:27:59 workstation kernel: ACPI: SSDT 0x000000007FFB4000 003002 (v02 HPQOEM 84BE     00001000 ACPI 00040000)
Apr 06 15:27:59 workstation kernel: ACPI: SSDT 0x000000007FFB3000 00051E (v02 HPQOEM 84BE     00001000 ACPI 00040000)
Apr 06 15:27:59 workstation kernel: ACPI: DBGP 0x000000007FFB2000 000034 (v01 HPQOEM SLIC-MPC 00000002 HP   00040000)
Apr 06 15:27:59 workstation kernel: ACPI: DBG2 0x000000007FFB1000 000054 (v00 HPQOEM 84BE     00000002 HP   00040000)
Apr 06 15:27:59 workstation kernel: ACPI: SSDT 0x000000007FFAF000 0012E6 (v02 HPQOEM 84BE     00001000 ACPI 00040000)
Apr 06 15:27:59 workstation kernel: ACPI: SSDT 0x000000007FFAD000 0017AE (v02 HPQOEM 84BE     00003000 ACPI 00040000)
Apr 06 15:27:59 workstation kernel: ACPI: SSDT 0x000000007FFA8000 004F04 (v02 HPQOEM 84BE     00001000 ACPI 00040000)
Apr 06 15:27:59 workstation kernel: ACPI: SSDT 0x000000007FFA7000 000564 (v02 HPQOEM 84BE     00001000 ACPI 00040000)
Apr 06 15:27:59 workstation kernel: ACPI: DMAR 0x000000007FFA6000 0000A8 (v01 HPQOEM 84BE     00000001 HP   00040000)
Apr 06 15:27:59 workstation kernel: ACPI: NHLT 0x000000007FFA5000 00002D (v00 HPQOEM 84BE     00000002 HP   00040000)
Apr 06 15:27:59 workstation kernel: ACPI: FPDT 0x000000007FFA4000 000044 (v01 HPQOEM SLIC-MPC 00000002 HP   00040000)
Apr 06 15:27:59 workstation kernel: ACPI: BGRT 0x000000007FFA3000 000038 (v01 HPQOEM 84BE     00000001 HP   00040000)
Apr 06 15:27:59 workstation kernel: ACPI: Reserving FACP table memory at [mem 0x7ffe6000-0x7ffe610b]
Apr 06 15:27:59 workstation kernel: ACPI: Reserving DSDT table memory at [mem 0x7ffbf000-0x7ffe2a5f]
Apr 06 15:27:59 workstation kernel: ACPI: Reserving FACS table memory at [mem 0x7ff52000-0x7ff5203f]
Apr 06 15:27:59 workstation kernel: ACPI: Reserving UEFI table memory at [mem 0x7fffc000-0x7fffc235]
Apr 06 15:27:59 workstation kernel: ACPI: Reserving UEFI table memory at [mem 0x7fffb000-0x7fffb041]
Apr 06 15:27:59 workstation kernel: ACPI: Reserving IHIS table memory at [mem 0x7fffa000-0x7fffa037]
Apr 06 15:27:59 workstation kernel: ACPI: Reserving SSDT table memory at [mem 0x7fff3000-0x7fff98ce]
Apr 06 15:27:59 workstation kernel: ACPI: Reserving MSDM table memory at [mem 0x7fff2000-0x7fff2054]
Apr 06 15:27:59 workstation kernel: ACPI: Reserving SSDT table memory at [mem 0x7fff1000-0x7fff14c2]
Apr 06 15:27:59 workstation kernel: ACPI: Reserving SSDT table memory at [mem 0x7fff0000-0x7fff0045]
Apr 06 15:27:59 workstation kernel: ACPI: Reserving TPM2 table memory at [mem 0x7ffef000-0x7ffef033]
Apr 06 15:27:59 workstation kernel: ACPI: Reserving SSDT table memory at [mem 0x7ffeb000-0x7ffee149]
Apr 06 15:27:59 workstation kernel: ACPI: Reserving ASF! table memory at [mem 0x7ffea000-0x7ffea0a4]
Apr 06 15:27:59 workstation kernel: ACPI: Reserving ASPT table memory at [mem 0x7ffe9000-0x7ffe9033]
Apr 06 15:27:59 workstation kernel: ACPI: Reserving BOOT table memory at [mem 0x7ffe8000-0x7ffe8027]
Apr 06 15:27:59 workstation kernel: ACPI: Reserving DBGP table memory at [mem 0x7ffe7000-0x7ffe7033]
Apr 06 15:27:59 workstation kernel: ACPI: Reserving HPET table memory at [mem 0x7ffe5000-0x7ffe5037]
Apr 06 15:27:59 workstation kernel: ACPI: Reserving APIC table memory at [mem 0x7ffe4000-0x7ffe412b]
Apr 06 15:27:59 workstation kernel: ACPI: Reserving MCFG table memory at [mem 0x7ffe3000-0x7ffe303b]
Apr 06 15:27:59 workstation kernel: ACPI: Reserving SSDT table memory at [mem 0x7ffbe000-0x7ffbe1ea]
Apr 06 15:27:59 workstation kernel: ACPI: Reserving SSDT table memory at [mem 0x7ffbd000-0x7ffbd0ed]
Apr 06 15:27:59 workstation kernel: ACPI: Reserving LPIT table memory at [mem 0x7ffbc000-0x7ffbc093]
Apr 06 15:27:59 workstation kernel: ACPI: Reserving WSMT table memory at [mem 0x7ffba000-0x7ffba027]
Apr 06 15:27:59 workstation kernel: ACPI: Reserving SSDT table memory at [mem 0x7ffb9000-0x7ffb929e]
Apr 06 15:27:59 workstation kernel: ACPI: Reserving SSDT table memory at [mem 0x7ffb8000-0x7ffb8345]
Apr 06 15:27:59 workstation kernel: ACPI: Reserving SSDT table memory at [mem 0x7ffb4000-0x7ffb7001]
Apr 06 15:27:59 workstation kernel: ACPI: Reserving SSDT table memory at [mem 0x7ffb3000-0x7ffb351d]
Apr 06 15:27:59 workstation kernel: ACPI: Reserving DBGP table memory at [mem 0x7ffb2000-0x7ffb2033]
Apr 06 15:27:59 workstation kernel: ACPI: Reserving DBG2 table memory at [mem 0x7ffb1000-0x7ffb1053]
Apr 06 15:27:59 workstation kernel: ACPI: Reserving SSDT table memory at [mem 0x7ffaf000-0x7ffb02e5]
Apr 06 15:27:59 workstation kernel: ACPI: Reserving SSDT table memory at [mem 0x7ffad000-0x7ffae7ad]
Apr 06 15:27:59 workstation kernel: ACPI: Reserving SSDT table memory at [mem 0x7ffa8000-0x7ffacf03]
Apr 06 15:27:59 workstation kernel: ACPI: Reserving SSDT table memory at [mem 0x7ffa7000-0x7ffa7563]
Apr 06 15:27:59 workstation kernel: ACPI: Reserving DMAR table memory at [mem 0x7ffa6000-0x7ffa60a7]
Apr 06 15:27:59 workstation kernel: ACPI: Reserving NHLT table memory at [mem 0x7ffa5000-0x7ffa502c]
Apr 06 15:27:59 workstation kernel: ACPI: Reserving FPDT table memory at [mem 0x7ffa4000-0x7ffa4043]
Apr 06 15:27:59 workstation kernel: ACPI: Reserving BGRT table memory at [mem 0x7ffa3000-0x7ffa3037]
Apr 06 15:27:59 workstation kernel: No NUMA configuration found
Apr 06 15:27:59 workstation kernel: Faking a node at [mem 0x0000000000000000-0x0000000371ffffff]
Apr 06 15:27:59 workstation kernel: NODE_DATA(0) allocated [mem 0x371fd5000-0x371ffffff]
Apr 06 15:27:59 workstation kernel: Zone ranges:
Apr 06 15:27:59 workstation kernel:   DMA      [mem 0x0000000000001000-0x0000000000ffffff]
Apr 06 15:27:59 workstation kernel:   DMA32    [mem 0x0000000001000000-0x00000000ffffffff]
Apr 06 15:27:59 workstation kernel:   Normal   [mem 0x0000000100000000-0x0000000371ffffff]
Apr 06 15:27:59 workstation kernel:   Device   empty
Apr 06 15:27:59 workstation kernel: Movable zone start for each node
Apr 06 15:27:59 workstation kernel: Early memory node ranges
Apr 06 15:27:59 workstation kernel:   node   0: [mem 0x0000000000001000-0x0000000000057fff]
Apr 06 15:27:59 workstation kernel:   node   0: [mem 0x0000000000059000-0x000000000009dfff]
Apr 06 15:27:59 workstation kernel:   node   0: [mem 0x0000000000100000-0x000000003fffffff]
Apr 06 15:27:59 workstation kernel:   node   0: [mem 0x0000000040400000-0x0000000066726fff]
Apr 06 15:27:59 workstation kernel:   node   0: [mem 0x0000000066729000-0x000000007e3adfff]
Apr 06 15:27:59 workstation kernel:   node   0: [mem 0x000000007fffe000-0x000000007fffefff]
Apr 06 15:27:59 workstation kernel:   node   0: [mem 0x0000000100000000-0x0000000371ffffff]
Apr 06 15:27:59 workstation kernel: Initmem setup node 0 [mem 0x0000000000001000-0x0000000371ffffff]
Apr 06 15:27:59 workstation kernel: On node 0, zone DMA: 1 pages in unavailable ranges
Apr 06 15:27:59 workstation kernel: On node 0, zone DMA: 1 pages in unavailable ranges
Apr 06 15:27:59 workstation kernel: On node 0, zone DMA: 98 pages in unavailable ranges
Apr 06 15:27:59 workstation kernel: On node 0, zone DMA32: 1024 pages in unavailable ranges
Apr 06 15:27:59 workstation kernel: On node 0, zone DMA32: 2 pages in unavailable ranges
Apr 06 15:27:59 workstation kernel: On node 0, zone DMA32: 7248 pages in unavailable ranges
Apr 06 15:27:59 workstation kernel: On node 0, zone Normal: 1 pages in unavailable ranges
Apr 06 15:27:59 workstation kernel: On node 0, zone Normal: 24576 pages in unavailable ranges
Apr 06 15:27:59 workstation kernel: Reserving Intel graphics memory at [mem 0x89000000-0x8cffffff]
Apr 06 15:27:59 workstation kernel: ACPI: PM-Timer IO Port: 0x1808
Apr 06 15:27:59 workstation kernel: ACPI: LAPIC_NMI (acpi_id[0x01] high edge lint[0x1])
Apr 06 15:27:59 workstation kernel: ACPI: LAPIC_NMI (acpi_id[0x02] high edge lint[0x1])
Apr 06 15:27:59 workstation kernel: ACPI: LAPIC_NMI (acpi_id[0x03] high edge lint[0x1])
Apr 06 15:27:59 workstation kernel: ACPI: LAPIC_NMI (acpi_id[0x04] high edge lint[0x1])
Apr 06 15:27:59 workstation kernel: ACPI: LAPIC_NMI (acpi_id[0x05] high edge lint[0x1])
Apr 06 15:27:59 workstation kernel: ACPI: LAPIC_NMI (acpi_id[0x06] high edge lint[0x1])
Apr 06 15:27:59 workstation kernel: ACPI: LAPIC_NMI (acpi_id[0x07] high edge lint[0x1])
Apr 06 15:27:59 workstation kernel: ACPI: LAPIC_NMI (acpi_id[0x08] high edge lint[0x1])
Apr 06 15:27:59 workstation kernel: ACPI: LAPIC_NMI (acpi_id[0x09] high edge lint[0x1])
Apr 06 15:27:59 workstation kernel: ACPI: LAPIC_NMI (acpi_id[0x0a] high edge lint[0x1])
Apr 06 15:27:59 workstation kernel: ACPI: LAPIC_NMI (acpi_id[0x0b] high edge lint[0x1])
Apr 06 15:27:59 workstation kernel: ACPI: LAPIC_NMI (acpi_id[0x0c] high edge lint[0x1])
Apr 06 15:27:59 workstation kernel: ACPI: LAPIC_NMI (acpi_id[0x0d] high edge lint[0x1])
Apr 06 15:27:59 workstation kernel: ACPI: LAPIC_NMI (acpi_id[0x0e] high edge lint[0x1])
Apr 06 15:27:59 workstation kernel: ACPI: LAPIC_NMI (acpi_id[0x0f] high edge lint[0x1])
Apr 06 15:27:59 workstation kernel: ACPI: LAPIC_NMI (acpi_id[0x10] high edge lint[0x1])
Apr 06 15:27:59 workstation kernel: IOAPIC[0]: apic_id 2, version 32, address 0xfec00000, GSI 0-119
Apr 06 15:27:59 workstation kernel: ACPI: INT_SRC_OVR (bus 0 bus_irq 0 global_irq 2 dfl dfl)
Apr 06 15:27:59 workstation kernel: ACPI: INT_SRC_OVR (bus 0 bus_irq 9 global_irq 9 high level)
Apr 06 15:27:59 workstation kernel: ACPI: Using ACPI (MADT) for SMP configuration information
Apr 06 15:27:59 workstation kernel: ACPI: HPET id: 0x8086a201 base: 0xfed00000
Apr 06 15:27:59 workstation kernel: e820: update [mem 0x6eb95000-0x6eb9efff] usable ==> reserved
Apr 06 15:27:59 workstation kernel: TSC deadline timer available
Apr 06 15:27:59 workstation kernel: smpboot: Allowing 8 CPUs, 0 hotplug CPUs
Apr 06 15:27:59 workstation kernel: PM: hibernation: Registered nosave memory: [mem 0x00000000-0x00000fff]
Apr 06 15:27:59 workstation kernel: PM: hibernation: Registered nosave memory: [mem 0x00058000-0x00058fff]
Apr 06 15:27:59 workstation kernel: PM: hibernation: Registered nosave memory: [mem 0x0009e000-0x000fffff]
Apr 06 15:27:59 workstation kernel: PM: hibernation: Registered nosave memory: [mem 0x40000000-0x403fffff]
Apr 06 15:27:59 workstation kernel: PM: hibernation: Registered nosave memory: [mem 0x6411f000-0x6411ffff]
Apr 06 15:27:59 workstation kernel: PM: hibernation: Registered nosave memory: [mem 0x6412f000-0x6412ffff]
Apr 06 15:27:59 workstation kernel: PM: hibernation: Registered nosave memory: [mem 0x66727000-0x66727fff]
Apr 06 15:27:59 workstation kernel: PM: hibernation: Registered nosave memory: [mem 0x66728000-0x66728fff]
Apr 06 15:27:59 workstation kernel: PM: hibernation: Registered nosave memory: [mem 0x6eaf3000-0x6eaf3fff]
Apr 06 15:27:59 workstation kernel: PM: hibernation: Registered nosave memory: [mem 0x6eb95000-0x6eb9efff]
Apr 06 15:27:59 workstation kernel: PM: hibernation: Registered nosave memory: [mem 0x7e3ae000-0x7f88dfff]
Apr 06 15:27:59 workstation kernel: PM: hibernation: Registered nosave memory: [mem 0x7f88e000-0x7ff7dfff]
Apr 06 15:27:59 workstation kernel: PM: hibernation: Registered nosave memory: [mem 0x7ff7e000-0x7fffdfff]
Apr 06 15:27:59 workstation kernel: PM: hibernation: Registered nosave memory: [mem 0x7ffff000-0x8cffffff]
Apr 06 15:27:59 workstation kernel: PM: hibernation: Registered nosave memory: [mem 0x8d000000-0xfebfffff]
Apr 06 15:27:59 workstation kernel: PM: hibernation: Registered nosave memory: [mem 0xfec00000-0xfec00fff]
Apr 06 15:27:59 workstation kernel: PM: hibernation: Registered nosave memory: [mem 0xfec01000-0xfecfffff]
Apr 06 15:27:59 workstation kernel: PM: hibernation: Registered nosave memory: [mem 0xfed00000-0xfed00fff]
Apr 06 15:27:59 workstation kernel: PM: hibernation: Registered nosave memory: [mem 0xfed01000-0xfed0ffff]
Apr 06 15:27:59 workstation kernel: PM: hibernation: Registered nosave memory: [mem 0xfed10000-0xfed19fff]
Apr 06 15:27:59 workstation kernel: PM: hibernation: Registered nosave memory: [mem 0xfed1a000-0xfed83fff]
Apr 06 15:27:59 workstation kernel: PM: hibernation: Registered nosave memory: [mem 0xfed84000-0xfed84fff]
Apr 06 15:27:59 workstation kernel: PM: hibernation: Registered nosave memory: [mem 0xfed85000-0xfedfffff]
Apr 06 15:27:59 workstation kernel: PM: hibernation: Registered nosave memory: [mem 0xfee00000-0xfee00fff]
Apr 06 15:27:59 workstation kernel: PM: hibernation: Registered nosave memory: [mem 0xfee01000-0xffffffff]
Apr 06 15:27:59 workstation kernel: [mem 0x8d000000-0xfebfffff] available for PCI devices
Apr 06 15:27:59 workstation kernel: Booting paravirtualized kernel on bare hardware
Apr 06 15:27:59 workstation kernel: clocksource: refined-jiffies: mask: 0xffffffff max_cycles: 0xffffffff, max_idle_ns: 6370452778343963 ns
Apr 06 15:27:59 workstation kernel: setup_percpu: NR_CPUS:8192 nr_cpumask_bits:8 nr_cpu_ids:8 nr_node_ids:1
Apr 06 15:27:59 workstation kernel: percpu: Embedded 70 pages/cpu s249856 r8192 d28672 u524288
Apr 06 15:27:59 workstation kernel: pcpu-alloc: s249856 r8192 d28672 u524288 alloc=1*2097152
Apr 06 15:27:59 workstation kernel: pcpu-alloc: [0] 0 1 2 3 [0] 4 5 6 7 
Apr 06 15:27:59 workstation kernel: Kernel command line: BOOT_IMAGE=/boot/vmlinuz-6.8.2-1-default root=UUID=74439765-9733-476f-ba82-6925c96377ea splash=silent quiet rd.shell=0 security=apparmor mitigations=auto
Apr 06 15:27:59 workstation kernel: Unknown kernel command line parameters "BOOT_IMAGE=/boot/vmlinuz-6.8.2-1-default splash=silent", will be passed to user space.
Apr 06 15:27:59 workstation kernel: printk: log_buf_len individual max cpu contribution: 32768 bytes
Apr 06 15:27:59 workstation kernel: printk: log_buf_len total cpu_extra contributions: 229376 bytes
Apr 06 15:27:59 workstation kernel: printk: log_buf_len min size: 262144 bytes
Apr 06 15:27:59 workstation kernel: printk: log_buf_len: 524288 bytes
Apr 06 15:27:59 workstation kernel: printk: early log buf free: 242848(92%)
Apr 06 15:27:59 workstation kernel: Dentry cache hash table entries: 2097152 (order: 12, 16777216 bytes, linear)
Apr 06 15:27:59 workstation kernel: Inode-cache hash table entries: 1048576 (order: 11, 8388608 bytes, linear)
Apr 06 15:27:59 workstation kernel: Fallback order for Node 0: 0 
Apr 06 15:27:59 workstation kernel: Built 1 zonelists, mobility grouping on.  Total pages: 3031726
Apr 06 15:27:59 workstation kernel: Policy zone: Normal
Apr 06 15:27:59 workstation kernel: mem auto-init: stack:off, heap alloc:off, heap free:off
Apr 06 15:27:59 workstation kernel: software IO TLB: area num 8.
Apr 06 15:27:59 workstation kernel: Memory: 2059676K/12320036K available (16384K kernel code, 2959K rwdata, 12728K rodata, 4268K init, 4440K bss, 406716K reserved, 0K cma-reserved)
Apr 06 15:27:59 workstation kernel: SLUB: HWalign=64, Order=0-3, MinObjects=0, CPUs=8, Nodes=1
Apr 06 15:27:59 workstation kernel: Kernel/User page tables isolation: enabled
Apr 06 15:27:59 workstation kernel: ftrace: allocating 46914 entries in 184 pages
Apr 06 15:27:59 workstation kernel: ftrace: allocated 184 pages with 4 groups
Apr 06 15:27:59 workstation kernel: Dynamic Preempt: voluntary
Apr 06 15:27:59 workstation kernel: workqueue: name exceeds WQ_NAME_LEN. Truncating to: events_freezable_power_efficien
Apr 06 15:27:59 workstation kernel: rcu: Preemptible hierarchical RCU implementation.
Apr 06 15:27:59 workstation kernel: rcu:         RCU event tracing is enabled.
Apr 06 15:27:59 workstation kernel: rcu:         RCU restricting CPUs from NR_CPUS=8192 to nr_cpu_ids=8.
Apr 06 15:27:59 workstation kernel:         Trampoline variant of Tasks RCU enabled.
Apr 06 15:27:59 workstation kernel:         Rude variant of Tasks RCU enabled.
Apr 06 15:27:59 workstation kernel:         Tracing variant of Tasks RCU enabled.
Apr 06 15:27:59 workstation kernel: rcu: RCU calculated value of scheduler-enlistment delay is 30 jiffies.
Apr 06 15:27:59 workstation kernel: rcu: Adjusting geometry for rcu_fanout_leaf=16, nr_cpu_ids=8
Apr 06 15:27:59 workstation kernel: NR_IRQS: 524544, nr_irqs: 2048, preallocated irqs: 16
Apr 06 15:27:59 workstation kernel: rcu: srcu_init: Setting srcu_struct sizes based on contention.
Apr 06 15:27:59 workstation kernel: Console: colour dummy device 80x25
Apr 06 15:27:59 workstation kernel: printk: legacy console [tty0] enabled
Apr 06 15:27:59 workstation kernel: ACPI: Core revision 20230628
Apr 06 15:27:59 workstation kernel: hpet: HPET dysfunctional in PC10. Force disabled.
Apr 06 15:27:59 workstation kernel: APIC: Switch to symmetric I/O mode setup
Apr 06 15:27:59 workstation kernel: DMAR: Host address width 39
Apr 06 15:27:59 workstation kernel: DMAR: DRHD base: 0x000000fed90000 flags: 0x0
Apr 06 15:27:59 workstation kernel: DMAR: dmar0: reg_base_addr fed90000 ver 1:0 cap 1c0000c40660462 ecap 19e2ff0505e
Apr 06 15:27:59 workstation kernel: DMAR: DRHD base: 0x000000fed91000 flags: 0x1
Apr 06 15:27:59 workstation kernel: DMAR: dmar1: reg_base_addr fed91000 ver 1:0 cap d2008c40660462 ecap f050da
Apr 06 15:27:59 workstation kernel: DMAR: RMRR base: 0x0000007f6cb000 end: 0x0000007f6eafff
Apr 06 15:27:59 workstation kernel: DMAR: RMRR base: 0x00000088800000 end: 0x0000008cffffff
Apr 06 15:27:59 workstation kernel: DMAR-IR: IOAPIC id 2 under DRHD base  0xfed91000 IOMMU 1
Apr 06 15:27:59 workstation kernel: DMAR-IR: HPET id 0 under DRHD base 0xfed91000
Apr 06 15:27:59 workstation kernel: DMAR-IR: x2apic is disabled because BIOS sets x2apic opt out bit.
Apr 06 15:27:59 workstation kernel: DMAR-IR: Use 'intremap=no_x2apic_optout' to override the BIOS setting.
Apr 06 15:27:59 workstation kernel: DMAR-IR: Enabled IRQ remapping in xapic mode
Apr 06 15:27:59 workstation kernel: x2apic: IRQ remapping doesn't support X2APIC mode
Apr 06 15:27:59 workstation kernel: clocksource: tsc-early: mask: 0xffffffffffffffff max_cycles: 0x19f2297dd97, max_idle_ns: 440795236593 ns
Apr 06 15:27:59 workstation kernel: Calibrating delay loop (skipped), value calculated using timer frequency.. 3601.00 BogoMIPS (lpj=6000000)
Apr 06 15:27:59 workstation kernel: CPU0: Thermal monitoring enabled (TM1)
Apr 06 15:27:59 workstation kernel: process: using mwait in idle threads
Apr 06 15:27:59 workstation kernel: Last level iTLB entries: 4KB 64, 2MB 8, 4MB 8
Apr 06 15:27:59 workstation kernel: Last level dTLB entries: 4KB 64, 2MB 0, 4MB 0, 1GB 4
Apr 06 15:27:59 workstation kernel: Spectre V1 : Mitigation: usercopy/swapgs barriers and __user pointer sanitization
Apr 06 15:27:59 workstation kernel: Spectre V2 : Mitigation: IBRS
Apr 06 15:27:59 workstation kernel: Spectre V2 : Spectre v2 / SpectreRSB mitigation: Filling RSB on context switch
Apr 06 15:27:59 workstation kernel: Spectre V2 : Spectre v2 / SpectreRSB : Filling RSB on VMEXIT
Apr 06 15:27:59 workstation kernel: RETBleed: Mitigation: IBRS
Apr 06 15:27:59 workstation kernel: Spectre V2 : mitigation: Enabling conditional Indirect Branch Prediction Barrier
Apr 06 15:27:59 workstation kernel: Spectre V2 : User space: Mitigation: STIBP via prctl
Apr 06 15:27:59 workstation kernel: Speculative Store Bypass: Mitigation: Speculative Store Bypass disabled via prctl
Apr 06 15:27:59 workstation kernel: MDS: Mitigation: Clear CPU buffers
Apr 06 15:27:59 workstation kernel: MMIO Stale Data: Mitigation: Clear CPU buffers
Apr 06 15:27:59 workstation kernel: SRBDS: Mitigation: Microcode
Apr 06 15:27:59 workstation kernel: GDS: Mitigation: Microcode
Apr 06 15:27:59 workstation kernel: x86/fpu: Supporting XSAVE feature 0x001: 'x87 floating point registers'
Apr 06 15:27:59 workstation kernel: x86/fpu: Supporting XSAVE feature 0x002: 'SSE registers'
Apr 06 15:27:59 workstation kernel: x86/fpu: Supporting XSAVE feature 0x004: 'AVX registers'
Apr 06 15:27:59 workstation kernel: x86/fpu: Supporting XSAVE feature 0x008: 'MPX bounds registers'
Apr 06 15:27:59 workstation kernel: x86/fpu: Supporting XSAVE feature 0x010: 'MPX CSR'
Apr 06 15:27:59 workstation kernel: x86/fpu: xstate_offset[2]:  576, xstate_sizes[2]:  256
Apr 06 15:27:59 workstation kernel: x86/fpu: xstate_offset[3]:  832, xstate_sizes[3]:   64
Apr 06 15:27:59 workstation kernel: x86/fpu: xstate_offset[4]:  896, xstate_sizes[4]:   64
Apr 06 15:27:59 workstation kernel: x86/fpu: Enabled xstate features 0x1f, context size is 960 bytes, using 'compacted' format.
Apr 06 15:27:59 workstation kernel: Freeing SMP alternatives memory: 40K
Apr 06 15:27:59 workstation kernel: pid_max: default: 32768 minimum: 301
Apr 06 15:27:59 workstation kernel: LSM: initializing lsm=lockdown,capability,landlock,yama,apparmor,bpf,integrity
Apr 06 15:27:59 workstation kernel: landlock: Up and running.
Apr 06 15:27:59 workstation kernel: Yama: becoming mindful.
Apr 06 15:27:59 workstation kernel: AppArmor: AppArmor initialized
Apr 06 15:27:59 workstation kernel: LSM support for eBPF active
Apr 06 15:27:59 workstation kernel: Mount-cache hash table entries: 32768 (order: 6, 262144 bytes, linear)
Apr 06 15:27:59 workstation kernel: Mountpoint-cache hash table entries: 32768 (order: 6, 262144 bytes, linear)
Apr 06 15:27:59 workstation kernel: smpboot: CPU0: Intel(R) Core(TM) i5-8250U CPU @ 1.60GHz (family: 0x6, model: 0x8e, stepping: 0xa)
Apr 06 15:27:59 workstation kernel: RCU Tasks: Setting shift to 3 and lim to 1 rcu_task_cb_adjust=1.
Apr 06 15:27:59 workstation kernel: RCU Tasks Rude: Setting shift to 3 and lim to 1 rcu_task_cb_adjust=1.
Apr 06 15:27:59 workstation kernel: RCU Tasks Trace: Setting shift to 3 and lim to 1 rcu_task_cb_adjust=1.
Apr 06 15:27:59 workstation kernel: Performance Events: PEBS fmt3+, Skylake events, 32-deep LBR, full-width counters, Intel PMU driver.
Apr 06 15:27:59 workstation kernel: ... version:                4
Apr 06 15:27:59 workstation kernel: ... bit width:              48
Apr 06 15:27:59 workstation kernel: ... generic registers:      4
Apr 06 15:27:59 workstation kernel: ... value mask:             0000ffffffffffff
Apr 06 15:27:59 workstation kernel: ... max period:             00007fffffffffff
Apr 06 15:27:59 workstation kernel: ... fixed-purpose events:   3
Apr 06 15:27:59 workstation kernel: ... event mask:             000000070000000f
Apr 06 15:27:59 workstation kernel: signal: max sigframe size: 2032
Apr 06 15:27:59 workstation kernel: Estimated ratio of average max frequency by base frequency (times 1024): 1934
Apr 06 15:27:59 workstation kernel: rcu: Hierarchical SRCU implementation.
Apr 06 15:27:59 workstation kernel: rcu:         Max phase no-delay instances is 1000.
Apr 06 15:27:59 workstation kernel: NMI watchdog: Enabled. Permanently consumes one hw-PMU counter.
Apr 06 15:27:59 workstation kernel: smp: Bringing up secondary CPUs ...
Apr 06 15:27:59 workstation kernel: smpboot: x86: Booting SMP configuration:
Apr 06 15:27:59 workstation kernel: .... node  #0, CPUs:      #1 #2 #3 #4 #5 #6 #7
Apr 06 15:27:59 workstation kernel: MDS CPU bug present and SMT on, data leak possible. See https://www.kernel.org/doc/html/latest/admin-guide/hw-vuln/mds.html for more details.
Apr 06 15:27:59 workstation kernel: MMIO Stale Data CPU bug present and SMT on, data leak possible. See https://www.kernel.org/doc/html/latest/admin-guide/hw-vuln/processor_mmio_stale_data.html for more details.
Apr 06 15:27:59 workstation kernel: smp: Brought up 1 node, 8 CPUs
Apr 06 15:27:59 workstation kernel: smpboot: Max logical packages: 1
Apr 06 15:27:59 workstation kernel: smpboot: Total of 8 processors activated (28811.00 BogoMIPS)
Apr 06 15:27:59 workstation kernel: node 0 deferred pages initialised in 17ms
Apr 06 15:27:59 workstation kernel: devtmpfs: initialized
Apr 06 15:27:59 workstation kernel: x86/mm: Memory block size: 128MB
Apr 06 15:27:59 workstation kernel: ACPI: PM: Registering ACPI NVS region [mem 0x66727000-0x66727fff] (4096 bytes)
Apr 06 15:27:59 workstation kernel: ACPI: PM: Registering ACPI NVS region [mem 0x7f88e000-0x7ff7dfff] (7274496 bytes)
Apr 06 15:27:59 workstation kernel: clocksource: jiffies: mask: 0xffffffff max_cycles: 0xffffffff, max_idle_ns: 6370867519511994 ns
Apr 06 15:27:59 workstation kernel: futex hash table entries: 2048 (order: 5, 131072 bytes, linear)
Apr 06 15:27:59 workstation kernel: pinctrl core: initialized pinctrl subsystem
Apr 06 15:27:59 workstation kernel: PM: RTC time: 19:27:59, date: 2024-04-06
Apr 06 15:27:59 workstation kernel: NET: Registered PF_NETLINK/PF_ROUTE protocol family
Apr 06 15:27:59 workstation kernel: DMA: preallocated 2048 KiB GFP_KERNEL pool for atomic allocations
Apr 06 15:27:59 workstation kernel: DMA: preallocated 2048 KiB GFP_KERNEL|GFP_DMA pool for atomic allocations
Apr 06 15:27:59 workstation kernel: DMA: preallocated 2048 KiB GFP_KERNEL|GFP_DMA32 pool for atomic allocations
Apr 06 15:27:59 workstation kernel: audit: initializing netlink subsys (disabled)
Apr 06 15:27:59 workstation kernel: audit: type=2000 audit(1712431679.026:1): state=initialized audit_enabled=0 res=1
Apr 06 15:27:59 workstation kernel: thermal_sys: Registered thermal governor 'fair_share'
Apr 06 15:27:59 workstation kernel: thermal_sys: Registered thermal governor 'bang_bang'
Apr 06 15:27:59 workstation kernel: thermal_sys: Registered thermal governor 'step_wise'
Apr 06 15:27:59 workstation kernel: thermal_sys: Registered thermal governor 'user_space'
Apr 06 15:27:59 workstation kernel: cpuidle: using governor ladder
Apr 06 15:27:59 workstation kernel: cpuidle: using governor menu
Apr 06 15:27:59 workstation kernel: Simple Boot Flag at 0x44 set to 0x1
Apr 06 15:27:59 workstation kernel: ACPI FADT declares the system doesn't support PCIe ASPM, so disable it
Apr 06 15:27:59 workstation kernel: acpiphp: ACPI Hot Plug PCI Controller Driver version: 0.5
Apr 06 15:27:59 workstation kernel: PCI: ECAM [mem 0xe0000000-0xefffffff] (base 0xe0000000) for domain 0000 [bus 00-ff]
Apr 06 15:27:59 workstation kernel: PCI: not using ECAM ([mem 0xe0000000-0xefffffff] not reserved)
Apr 06 15:27:59 workstation kernel: PCI: Using configuration type 1 for base access
Apr 06 15:27:59 workstation kernel: kprobes: kprobe jump-optimization is enabled. All kprobes are optimized if possible.
Apr 06 15:27:59 workstation kernel: HugeTLB: registered 1.00 GiB page size, pre-allocated 0 pages
Apr 06 15:27:59 workstation kernel: HugeTLB: 16380 KiB vmemmap can be freed for a 1.00 GiB page
Apr 06 15:27:59 workstation kernel: HugeTLB: registered 2.00 MiB page size, pre-allocated 0 pages
Apr 06 15:27:59 workstation kernel: HugeTLB: 28 KiB vmemmap can be freed for a 2.00 MiB page
Apr 06 15:27:59 workstation kernel: ACPI: Added _OSI(Module Device)
Apr 06 15:27:59 workstation kernel: ACPI: Added _OSI(Processor Device)
Apr 06 15:27:59 workstation kernel: ACPI: Added _OSI(3.0 _SCP Extensions)
Apr 06 15:27:59 workstation kernel: ACPI: Added _OSI(Processor Aggregator Device)
Apr 06 15:27:59 workstation kernel: ACPI: 15 ACPI AML tables successfully acquired and loaded
Apr 06 15:27:59 workstation kernel: ACPI: [Firmware Bug]: BIOS _OSI(Linux) query ignored
Apr 06 15:27:59 workstation kernel: ACPI: Dynamic OEM Table Load:
Apr 06 15:27:59 workstation kernel: ACPI: SSDT 0xFFFF9E7F1FB5B400 0003FF (v02 PmRef  Cpu0Cst  00003001 INTL 20160527)
Apr 06 15:27:59 workstation kernel: ACPI: Dynamic OEM Table Load:
Apr 06 15:27:59 workstation kernel: ACPI: SSDT 0xFFFF9E7F65C6B800 00058B (v02 PmRef  Cpu0Ist  00003000 INTL 20160527)
Apr 06 15:27:59 workstation kernel: ACPI: Dynamic OEM Table Load:
Apr 06 15:27:59 workstation kernel: ACPI: SSDT 0xFFFF9E7D00190000 000D14 (v02 PmRef  ApIst    00003000 INTL 20160527)
Apr 06 15:27:59 workstation kernel: ACPI: Dynamic OEM Table Load:
Apr 06 15:27:59 workstation kernel: ACPI: SSDT 0xFFFF9E7F1FB58C00 000317 (v02 PmRef  ApHwp    00003000 INTL 20160527)
Apr 06 15:27:59 workstation kernel: ACPI: Dynamic OEM Table Load:
Apr 06 15:27:59 workstation kernel: ACPI: SSDT 0xFFFF9E7F1FB5C400 00030A (v02 PmRef  ApCst    00003000 INTL 20160527)
Apr 06 15:27:59 workstation kernel: ACPI: _OSC evaluated successfully for all CPUs
Apr 06 15:27:59 workstation kernel: ACPI: EC: EC started
Apr 06 15:27:59 workstation kernel: ACPI: EC: interrupt blocked
Apr 06 15:27:59 workstation kernel: ACPI: EC: EC_CMD/EC_SC=0x66, EC_DATA=0x62
Apr 06 15:27:59 workstation kernel: ACPI: \_SB_.PCI0.LPCB.EC0_: Boot DSDT EC used to handle transactions
Apr 06 15:27:59 workstation kernel: ACPI: Interpreter enabled
Apr 06 15:27:59 workstation kernel: ACPI: PM: (supports S0 S3 S4 S5)
Apr 06 15:27:59 workstation kernel: ACPI: Using IOAPIC for interrupt routing
Apr 06 15:27:59 workstation kernel: PCI: ECAM [mem 0xe0000000-0xefffffff] (base 0xe0000000) for domain 0000 [bus 00-ff]
Apr 06 15:27:59 workstation kernel: PCI: ECAM [mem 0xe0000000-0xefffffff] reserved as ACPI motherboard resource
Apr 06 15:27:59 workstation kernel: PCI: Using host bridge windows from ACPI; if necessary, use "pci=nocrs" and report a bug
Apr 06 15:27:59 workstation kernel: PCI: Ignoring E820 reservations for host bridge windows
Apr 06 15:27:59 workstation kernel: ACPI: Enabled 6 GPEs in block 00 to 7F
Apr 06 15:27:59 workstation kernel: ACPI: \_SB_.PCI0.RP05.PXSX.WRST: New power resource
Apr 06 15:27:59 workstation kernel: ACPI: PCI Root Bridge [PCI0] (domain 0000 [bus 00-fe])
Apr 06 15:27:59 workstation kernel: acpi PNP0A08:00: _OSC: OS supports [ExtendedConfig ASPM ClockPM Segments MSI EDR HPX-Type3]
Apr 06 15:27:59 workstation kernel: acpi PNP0A08:00: _OSC: OS now controls [PCIeHotplug SHPCHotplug PME AER PCIeCapability LTR DPC]
Apr 06 15:27:59 workstation kernel: acpi PNP0A08:00: FADT indicates ASPM is unsupported, using BIOS configuration
Apr 06 15:27:59 workstation kernel: PCI host bridge to bus 0000:00
Apr 06 15:27:59 workstation kernel: pci_bus 0000:00: root bus resource [io  0x0000-0x0cf7 window]
Apr 06 15:27:59 workstation kernel: pci_bus 0000:00: root bus resource [io  0x0d00-0xffff window]
Apr 06 15:27:59 workstation kernel: pci_bus 0000:00: root bus resource [mem 0x000a0000-0x000dffff window]
Apr 06 15:27:59 workstation kernel: pci_bus 0000:00: root bus resource [mem 0x8d000000-0xdfffffff window]
Apr 06 15:27:59 workstation kernel: pci_bus 0000:00: root bus resource [mem 0xfd000000-0xfe7fffff window]
Apr 06 15:27:59 workstation kernel: pci_bus 0000:00: root bus resource [bus 00-fe]
Apr 06 15:27:59 workstation kernel: pci 0000:00:00.0: [8086:5914] type 00 class 0x060000 conventional PCI endpoint
Apr 06 15:27:59 workstation kernel: pci 0000:00:02.0: [8086:5917] type 00 class 0x030000 PCIe Root Complex Integrated Endpoint
Apr 06 15:27:59 workstation kernel: pci 0000:00:02.0: BAR 0 [mem 0xa0000000-0xa0ffffff 64bit]
Apr 06 15:27:59 workstation kernel: pci 0000:00:02.0: BAR 2 [mem 0x90000000-0x9fffffff 64bit pref]
Apr 06 15:27:59 workstation kernel: pci 0000:00:02.0: BAR 4 [io  0x4000-0x403f]
Apr 06 15:27:59 workstation kernel: pci 0000:00:02.0: BAR 2: assigned to efifb
Apr 06 15:27:59 workstation kernel: pci 0000:00:02.0: Video device with shadowed ROM at [mem 0x000c0000-0x000dffff]
Apr 06 15:27:59 workstation kernel: pci 0000:00:04.0: [8086:1903] type 00 class 0x118000 conventional PCI endpoint
Apr 06 15:27:59 workstation kernel: pci 0000:00:04.0: BAR 0 [mem 0xa1220000-0xa1227fff 64bit]
Apr 06 15:27:59 workstation kernel: pci 0000:00:14.0: [8086:9d2f] type 00 class 0x0c0330 conventional PCI endpoint
Apr 06 15:27:59 workstation kernel: pci 0000:00:14.0: BAR 0 [mem 0xa1200000-0xa120ffff 64bit]
Apr 06 15:27:59 workstation kernel: pci 0000:00:14.0: PME# supported from D3hot D3cold
Apr 06 15:27:59 workstation kernel: pci 0000:00:14.2: [8086:9d31] type 00 class 0x118000 conventional PCI endpoint
Apr 06 15:28:00 workstation kernel: pci 0000:00:14.2: BAR 0 [mem 0xa1232000-0xa1232fff 64bit]
Apr 06 15:28:00 workstation kernel: pci 0000:00:16.0: [8086:9d3a] type 00 class 0x078000 conventional PCI endpoint
Apr 06 15:28:00 workstation kernel: pci 0000:00:16.0: BAR 0 [mem 0xa1233000-0xa1233fff 64bit]
Apr 06 15:28:00 workstation kernel: pci 0000:00:16.0: PME# supported from D3hot
Apr 06 15:28:00 workstation kernel: pci 0000:00:17.0: [8086:9d03] type 00 class 0x010601 conventional PCI endpoint
Apr 06 15:28:00 workstation kernel: pci 0000:00:17.0: BAR 0 [mem 0xa1230000-0xa1231fff]
Apr 06 15:28:00 workstation kernel: pci 0000:00:17.0: BAR 1 [mem 0xa1236000-0xa12360ff]
Apr 06 15:28:00 workstation kernel: pci 0000:00:17.0: BAR 2 [io  0x4080-0x4087]
Apr 06 15:28:00 workstation kernel: pci 0000:00:17.0: BAR 3 [io  0x4088-0x408b]
Apr 06 15:28:00 workstation kernel: pci 0000:00:17.0: BAR 4 [io  0x4060-0x407f]
Apr 06 15:28:00 workstation kernel: pci 0000:00:17.0: BAR 5 [mem 0xa1234000-0xa12347ff]
Apr 06 15:28:00 workstation kernel: pci 0000:00:17.0: PME# supported from D3hot
Apr 06 15:28:00 workstation kernel: pci 0000:00:1c.0: [8086:9d10] type 01 class 0x060400 PCIe Root Port
Apr 06 15:28:00 workstation kernel: pci 0000:00:1c.0: PCI bridge to [bus 01]
Apr 06 15:28:00 workstation kernel: pci 0000:00:1c.0: PME# supported from D0 D3hot D3cold
Apr 06 15:28:00 workstation kernel: pci 0000:00:1c.4: [8086:9d14] type 01 class 0x060400 PCIe Root Port
Apr 06 15:28:00 workstation kernel: pci 0000:00:1c.4: PCI bridge to [bus 02]
Apr 06 15:28:00 workstation kernel: pci 0000:00:1c.4:   bridge window [mem 0xa1100000-0xa11fffff]
Apr 06 15:28:00 workstation kernel: pci 0000:00:1c.4: PME# supported from D0 D3hot D3cold
Apr 06 15:28:00 workstation kernel: pci 0000:00:1c.5: [8086:9d15] type 01 class 0x060400 PCIe Root Port
Apr 06 15:28:00 workstation kernel: pci 0000:00:1c.5: PCI bridge to [bus 03]
Apr 06 15:28:00 workstation kernel: pci 0000:00:1c.5:   bridge window [io  0x3000-0x3fff]
Apr 06 15:28:00 workstation kernel: pci 0000:00:1c.5:   bridge window [mem 0xa1000000-0xa10fffff]
Apr 06 15:28:00 workstation kernel: pci 0000:00:1c.5: PME# supported from D0 D3hot D3cold
Apr 06 15:28:00 workstation kernel: pci 0000:00:1f.0: [8086:9d4e] type 00 class 0x060100 conventional PCI endpoint
Apr 06 15:28:00 workstation kernel: pci 0000:00:1f.2: [8086:9d21] type 00 class 0x058000 conventional PCI endpoint
Apr 06 15:28:00 workstation kernel: pci 0000:00:1f.2: BAR 0 [mem 0xa122c000-0xa122ffff]
Apr 06 15:28:00 workstation kernel: pci 0000:00:1f.3: [8086:9d71] type 00 class 0x040380 conventional PCI endpoint
Apr 06 15:28:00 workstation kernel: pci 0000:00:1f.3: BAR 0 [mem 0xa1228000-0xa122bfff 64bit]
Apr 06 15:28:00 workstation kernel: pci 0000:00:1f.3: BAR 4 [mem 0xa1210000-0xa121ffff 64bit]
Apr 06 15:28:00 workstation kernel: pci 0000:00:1f.3: PME# supported from D3hot D3cold
Apr 06 15:28:00 workstation kernel: pci 0000:00:1f.4: [8086:9d23] type 00 class 0x0c0500 conventional PCI endpoint
Apr 06 15:28:00 workstation kernel: pci 0000:00:1f.4: BAR 0 [mem 0xa1235000-0xa12350ff 64bit]
Apr 06 15:28:00 workstation kernel: pci 0000:00:1f.4: BAR 4 [io  0x4040-0x405f]
Apr 06 15:28:00 workstation kernel: pci 0000:00:1c.0: PCI bridge to [bus 01]
Apr 06 15:28:00 workstation kernel: pci 0000:02:00.0: [8086:24fb] type 00 class 0x028000 PCIe Endpoint
Apr 06 15:28:00 workstation kernel: pci 0000:02:00.0: BAR 0 [mem 0xa1100000-0xa1101fff 64bit]
Apr 06 15:28:00 workstation kernel: pci 0000:02:00.0: PME# supported from D0 D3hot D3cold
Apr 06 15:28:00 workstation kernel: pci 0000:00:1c.4: PCI bridge to [bus 02]
Apr 06 15:28:00 workstation kernel: pci 0000:03:00.0: [10ec:8168] type 00 class 0x020000 PCIe Endpoint
Apr 06 15:28:00 workstation kernel: pci 0000:03:00.0: BAR 0 [io  0x3000-0x30ff]
Apr 06 15:28:00 workstation kernel: pci 0000:03:00.0: BAR 2 [mem 0xa1004000-0xa1004fff 64bit]
Apr 06 15:28:00 workstation kernel: pci 0000:03:00.0: BAR 4 [mem 0xa1000000-0xa1003fff 64bit]
Apr 06 15:28:00 workstation kernel: pci 0000:03:00.0: supports D1 D2
Apr 06 15:28:00 workstation kernel: pci 0000:03:00.0: PME# supported from D0 D1 D2 D3hot D3cold
Apr 06 15:28:00 workstation kernel: pci 0000:00:1c.5: PCI bridge to [bus 03]
Apr 06 15:28:00 workstation kernel: ACPI: PCI: Interrupt link LNKA configured for IRQ 11
Apr 06 15:28:00 workstation kernel: ACPI: PCI: Interrupt link LNKB configured for IRQ 10
Apr 06 15:28:00 workstation kernel: ACPI: PCI: Interrupt link LNKC configured for IRQ 11
Apr 06 15:28:00 workstation kernel: ACPI: PCI: Interrupt link LNKD configured for IRQ 11
Apr 06 15:28:00 workstation kernel: ACPI: PCI: Interrupt link LNKE configured for IRQ 11
Apr 06 15:28:00 workstation kernel: ACPI: PCI: Interrupt link LNKF configured for IRQ 11
Apr 06 15:28:00 workstation kernel: ACPI: PCI: Interrupt link LNKG configured for IRQ 11
Apr 06 15:28:00 workstation kernel: ACPI: PCI: Interrupt link LNKH configured for IRQ 11
Apr 06 15:28:00 workstation kernel: ACPI: EC: interrupt unblocked
Apr 06 15:28:00 workstation kernel: ACPI: EC: event unblocked
Apr 06 15:28:00 workstation kernel: ACPI: EC: EC_CMD/EC_SC=0x66, EC_DATA=0x62
Apr 06 15:28:00 workstation kernel: ACPI: EC: GPE=0x17
Apr 06 15:28:00 workstation kernel: ACPI: \_SB_.PCI0.LPCB.EC0_: Boot DSDT EC initialization complete
Apr 06 15:28:00 workstation kernel: ACPI: \_SB_.PCI0.LPCB.EC0_: EC: Used to handle transactions and events
Apr 06 15:28:00 workstation kernel: iommu: Default domain type: Passthrough
Apr 06 15:28:00 workstation kernel: pps_core: LinuxPPS API ver. 1 registered
Apr 06 15:28:00 workstation kernel: pps_core: Software ver. 5.3.6 - Copyright 2005-2007 Rodolfo Giometti <giometti@linux.it>
Apr 06 15:28:00 workstation kernel: PTP clock support registered
Apr 06 15:28:00 workstation kernel: EDAC MC: Ver: 3.0.0
Apr 06 15:28:00 workstation kernel: efivars: Registered efivars operations
Apr 06 15:28:00 workstation kernel: NetLabel: Initializing
Apr 06 15:28:00 workstation kernel: NetLabel:  domain hash size = 128
Apr 06 15:28:00 workstation kernel: NetLabel:  protocols = UNLABELED CIPSOv4 CALIPSO
Apr 06 15:28:00 workstation kernel: NetLabel:  unlabeled traffic allowed by default
Apr 06 15:28:00 workstation kernel: mctp: management component transport protocol core
Apr 06 15:28:00 workstation kernel: NET: Registered PF_MCTP protocol family
Apr 06 15:28:00 workstation kernel: PCI: Using ACPI for IRQ routing
Apr 06 15:28:00 workstation kernel: PCI: pci_cache_line_size set to 64 bytes
Apr 06 15:28:00 workstation kernel: e820: reserve RAM buffer [mem 0x00058000-0x0005ffff]
Apr 06 15:28:00 workstation kernel: e820: reserve RAM buffer [mem 0x0009e000-0x0009ffff]
Apr 06 15:28:00 workstation kernel: e820: reserve RAM buffer [mem 0x6411f018-0x67ffffff]
Apr 06 15:28:00 workstation kernel: e820: reserve RAM buffer [mem 0x66727000-0x67ffffff]
Apr 06 15:28:00 workstation kernel: e820: reserve RAM buffer [mem 0x6eaf3000-0x6fffffff]
Apr 06 15:28:00 workstation kernel: e820: reserve RAM buffer [mem 0x6eb95000-0x6fffffff]
Apr 06 15:28:00 workstation kernel: e820: reserve RAM buffer [mem 0x7e3ae000-0x7fffffff]
Apr 06 15:28:00 workstation kernel: e820: reserve RAM buffer [mem 0x7ffff000-0x7fffffff]
Apr 06 15:28:00 workstation kernel: e820: reserve RAM buffer [mem 0x372000000-0x373ffffff]
Apr 06 15:28:00 workstation kernel: pci 0000:00:02.0: vgaarb: setting as boot VGA device
Apr 06 15:28:00 workstation kernel: pci 0000:00:02.0: vgaarb: bridge control possible
Apr 06 15:28:00 workstation kernel: pci 0000:00:02.0: vgaarb: VGA device added: decodes=io+mem,owns=io+mem,locks=none
Apr 06 15:28:00 workstation kernel: vgaarb: loaded
Apr 06 15:28:00 workstation kernel: clocksource: Switched to clocksource tsc-early
Apr 06 15:28:00 workstation kernel: VFS: Disk quotas dquot_6.6.0
Apr 06 15:28:00 workstation kernel: VFS: Dquot-cache hash table entries: 512 (order 0, 4096 bytes)
Apr 06 15:28:00 workstation kernel: AppArmor: AppArmor Filesystem Enabled
Apr 06 15:28:00 workstation kernel: pnp: PnP ACPI init
Apr 06 15:28:00 workstation kernel: system 00:00: [mem 0x40000000-0x403fffff] has been reserved
Apr 06 15:28:00 workstation kernel: system 00:01: [mem 0xfd000000-0xfdabffff] has been reserved
Apr 06 15:28:00 workstation kernel: system 00:01: [mem 0xfdad0000-0xfdadffff] has been reserved
Apr 06 15:28:00 workstation kernel: system 00:01: [mem 0xfdb00000-0xfdffffff] has been reserved
Apr 06 15:28:00 workstation kernel: system 00:01: [mem 0xfe000000-0xfe01ffff] has been reserved
Apr 06 15:28:00 workstation kernel: system 00:01: [mem 0xfe036000-0xfe03bfff] has been reserved
Apr 06 15:28:00 workstation kernel: system 00:01: [mem 0xfe03d000-0xfe3fffff] has been reserved
Apr 06 15:28:00 workstation kernel: system 00:01: [mem 0xfe410000-0xfe7fffff] has been reserved
Apr 06 15:28:00 workstation kernel: system 00:02: [io  0x2000-0x20fe] has been reserved
Apr 06 15:28:00 workstation kernel: system 00:03: [io  0x0680-0x069f] has been reserved
Apr 06 15:28:00 workstation kernel: system 00:03: [io  0xffff] has been reserved
Apr 06 15:28:00 workstation kernel: system 00:03: [io  0xffff] has been reserved
Apr 06 15:28:00 workstation kernel: system 00:03: [io  0xffff] has been reserved
Apr 06 15:28:00 workstation kernel: system 00:03: [io  0x1800-0x18fe] has been reserved
Apr 06 15:28:00 workstation kernel: system 00:03: [io  0x164e-0x164f] has been reserved
Apr 06 15:28:00 workstation kernel: system 00:07: [mem 0xfdaf0000-0xfdafffff] has been reserved
Apr 06 15:28:00 workstation kernel: system 00:07: [mem 0xfdae0000-0xfdaeffff] has been reserved
Apr 06 15:28:00 workstation kernel: system 00:07: [mem 0xfdac0000-0xfdacffff] has been reserved
Apr 06 15:28:00 workstation kernel: system 00:08: [mem 0xfed10000-0xfed17fff] has been reserved
Apr 06 15:28:00 workstation kernel: system 00:08: [mem 0xfed18000-0xfed18fff] has been reserved
Apr 06 15:28:00 workstation kernel: system 00:08: [mem 0xfed19000-0xfed19fff] has been reserved
Apr 06 15:28:00 workstation kernel: system 00:08: [mem 0xe0000000-0xefffffff] has been reserved
Apr 06 15:28:00 workstation kernel: system 00:08: [mem 0xfed20000-0xfed3ffff] has been reserved
Apr 06 15:28:00 workstation kernel: system 00:08: [mem 0xfed90000-0xfed93fff] could not be reserved
Apr 06 15:28:00 workstation kernel: system 00:08: [mem 0xfed45000-0xfed8ffff] could not be reserved
Apr 06 15:28:00 workstation kernel: system 00:08: [mem 0xff000000-0xffffffff] has been reserved
Apr 06 15:28:00 workstation kernel: system 00:08: [mem 0xfee00000-0xfeefffff] could not be reserved
Apr 06 15:28:00 workstation kernel: system 00:08: [mem 0x8d000000-0x8d01ffff] has been reserved
Apr 06 15:28:00 workstation kernel: pnp: PnP ACPI: found 9 devices
Apr 06 15:28:00 workstation kernel: clocksource: acpi_pm: mask: 0xffffff max_cycles: 0xffffff, max_idle_ns: 2085701024 ns
Apr 06 15:28:00 workstation kernel: pci 0000:00:1f.1: [8086:9d20] type 00 class 0x058000 conventional PCI endpoint
Apr 06 15:28:00 workstation kernel: pci 0000:00:1f.1: BAR 0 [mem 0xfd000000-0xfdffffff 64bit]
Apr 06 15:28:00 workstation kernel: NET: Registered PF_INET protocol family
Apr 06 15:28:00 workstation kernel: IP idents hash table entries: 262144 (order: 9, 2097152 bytes, linear)
Apr 06 15:28:00 workstation kernel: tcp_listen_portaddr_hash hash table entries: 8192 (order: 5, 131072 bytes, linear)
Apr 06 15:28:00 workstation kernel: Table-perturb hash table entries: 65536 (order: 6, 262144 bytes, linear)
Apr 06 15:28:00 workstation kernel: TCP established hash table entries: 131072 (order: 8, 1048576 bytes, linear)
Apr 06 15:28:00 workstation kernel: TCP bind hash table entries: 65536 (order: 9, 2097152 bytes, linear)
Apr 06 15:28:00 workstation kernel: TCP: Hash tables configured (established 131072 bind 65536)
Apr 06 15:28:00 workstation kernel: MPTCP token hash table entries: 16384 (order: 6, 393216 bytes, linear)
Apr 06 15:28:00 workstation kernel: UDP hash table entries: 8192 (order: 6, 262144 bytes, linear)
Apr 06 15:28:00 workstation kernel: UDP-Lite hash table entries: 8192 (order: 6, 262144 bytes, linear)
Apr 06 15:28:00 workstation kernel: NET: Registered PF_UNIX/PF_LOCAL protocol family
Apr 06 15:28:00 workstation kernel: NET: Registered PF_XDP protocol family
Apr 06 15:28:00 workstation kernel: pci 0000:00:1c.0: bridge window [io  0x1000-0x0fff] to [bus 01] add_size 1000
Apr 06 15:28:00 workstation kernel: pci 0000:00:1c.0: bridge window [mem 0x00100000-0x000fffff 64bit pref] to [bus 01] add_size 200000 add_align 100000
Apr 06 15:28:00 workstation kernel: pci 0000:00:1c.0: bridge window [mem 0x00100000-0x000fffff] to [bus 01] add_size 200000 add_align 100000
Apr 06 15:28:00 workstation kernel: pci 0000:00:1c.0: bridge window [mem 0x8d100000-0x8d2fffff]: assigned
Apr 06 15:28:00 workstation kernel: pci 0000:00:1c.0: bridge window [mem 0x8d300000-0x8d4fffff 64bit pref]: assigned
Apr 06 15:28:00 workstation kernel: pci 0000:00:1c.0: bridge window [io  0x5000-0x5fff]: assigned
Apr 06 15:28:00 workstation kernel: pci 0000:00:1c.0: PCI bridge to [bus 01]
Apr 06 15:28:00 workstation kernel: pci 0000:00:1c.0:   bridge window [io  0x5000-0x5fff]
Apr 06 15:28:00 workstation kernel: pci 0000:00:1c.0:   bridge window [mem 0x8d100000-0x8d2fffff]
Apr 06 15:28:00 workstation kernel: pci 0000:00:1c.0:   bridge window [mem 0x8d300000-0x8d4fffff 64bit pref]
Apr 06 15:28:00 workstation kernel: pci 0000:00:1c.4: PCI bridge to [bus 02]
Apr 06 15:28:00 workstation kernel: pci 0000:00:1c.4:   bridge window [mem 0xa1100000-0xa11fffff]
Apr 06 15:28:00 workstation kernel: pci 0000:00:1c.5: PCI bridge to [bus 03]
Apr 06 15:28:00 workstation kernel: pci 0000:00:1c.5:   bridge window [io  0x3000-0x3fff]
Apr 06 15:28:00 workstation kernel: pci 0000:00:1c.5:   bridge window [mem 0xa1000000-0xa10fffff]
Apr 06 15:28:00 workstation kernel: pci_bus 0000:00: resource 4 [io  0x0000-0x0cf7 window]
Apr 06 15:28:00 workstation kernel: pci_bus 0000:00: resource 5 [io  0x0d00-0xffff window]
Apr 06 15:28:00 workstation kernel: pci_bus 0000:00: resource 6 [mem 0x000a0000-0x000dffff window]
Apr 06 15:28:00 workstation kernel: pci_bus 0000:00: resource 7 [mem 0x8d000000-0xdfffffff window]
Apr 06 15:28:00 workstation kernel: pci_bus 0000:00: resource 8 [mem 0xfd000000-0xfe7fffff window]
Apr 06 15:28:00 workstation kernel: pci_bus 0000:01: resource 0 [io  0x5000-0x5fff]
Apr 06 15:28:00 workstation kernel: pci_bus 0000:01: resource 1 [mem 0x8d100000-0x8d2fffff]
Apr 06 15:28:00 workstation kernel: pci_bus 0000:01: resource 2 [mem 0x8d300000-0x8d4fffff 64bit pref]
Apr 06 15:28:00 workstation kernel: pci_bus 0000:02: resource 1 [mem 0xa1100000-0xa11fffff]
Apr 06 15:28:00 workstation kernel: pci_bus 0000:03: resource 0 [io  0x3000-0x3fff]
Apr 06 15:28:00 workstation kernel: pci_bus 0000:03: resource 1 [mem 0xa1000000-0xa10fffff]
Apr 06 15:28:00 workstation kernel: PCI: CLS 64 bytes, default 64
Apr 06 15:28:00 workstation kernel: PCI-DMA: Using software bounce buffering for IO (SWIOTLB)
Apr 06 15:28:00 workstation kernel: software IO TLB: mapped [mem 0x0000000079d74000-0x000000007dd74000] (64MB)
Apr 06 15:28:00 workstation kernel: Trying to unpack rootfs image as initramfs...
Apr 06 15:28:00 workstation kernel: RAPL PMU: API unit is 2^-32 Joules, 4 fixed counters, 655360 ms ovfl timer
Apr 06 15:28:00 workstation kernel: RAPL PMU: hw unit of domain pp0-core 2^-14 Joules
Apr 06 15:28:00 workstation kernel: RAPL PMU: hw unit of domain package 2^-14 Joules
Apr 06 15:28:00 workstation kernel: RAPL PMU: hw unit of domain dram 2^-14 Joules
Apr 06 15:28:00 workstation kernel: RAPL PMU: hw unit of domain pp1-gpu 2^-14 Joules
Apr 06 15:28:00 workstation kernel: sgx: EPC section 0x80200000-0x85f7ffff
Apr 06 15:28:00 workstation kernel: Initialise system trusted keyrings
Apr 06 15:28:00 workstation kernel: Key type blacklist registered
Apr 06 15:28:00 workstation kernel: workingset: timestamp_bits=36 max_order=22 bucket_order=0
Apr 06 15:28:00 workstation kernel: zbud: loaded
Apr 06 15:28:00 workstation kernel: integrity: Platform Keyring initialized
Apr 06 15:28:00 workstation kernel: integrity: Machine keyring initialized
Apr 06 15:28:00 workstation kernel: Key type asymmetric registered
Apr 06 15:28:00 workstation kernel: Asymmetric key parser 'x509' registered
Apr 06 15:28:00 workstation kernel: Freeing initrd memory: 32260K
Apr 06 15:28:00 workstation kernel: Block layer SCSI generic (bsg) driver version 0.4 loaded (major 247)
Apr 06 15:28:00 workstation kernel: io scheduler mq-deadline registered
Apr 06 15:28:00 workstation kernel: io scheduler kyber registered
Apr 06 15:28:00 workstation kernel: io scheduler bfq registered
Apr 06 15:28:00 workstation kernel: pcieport 0000:00:1c.0: PME: Signaling with IRQ 122
Apr 06 15:28:00 workstation kernel: pcieport 0000:00:1c.0: pciehp: Slot #0 AttnBtn- PwrCtrl- MRL- AttnInd- PwrInd- HotPlug+ Surprise+ Interlock- NoCompl+ IbPresDis- LLActRep+
Apr 06 15:28:00 workstation kernel: pcieport 0000:00:1c.4: PME: Signaling with IRQ 123
Apr 06 15:28:00 workstation kernel: pcieport 0000:00:1c.4: AER: enabled with IRQ 123
Apr 06 15:28:00 workstation kernel: pcieport 0000:00:1c.5: PME: Signaling with IRQ 124
Apr 06 15:28:00 workstation kernel: pcieport 0000:00:1c.5: AER: enabled with IRQ 124
Apr 06 15:28:00 workstation kernel: shpchp: Standard Hot Plug PCI Controller Driver version: 0.4
Apr 06 15:28:00 workstation kernel: Serial: 8250/16550 driver, 32 ports, IRQ sharing enabled
Apr 06 15:28:00 workstation kernel: hpet_acpi_add: no address or irqs in _CRS
Apr 06 15:28:00 workstation kernel: Non-volatile memory driver v1.3
Apr 06 15:28:00 workstation kernel: Linux agpgart interface v0.103
Apr 06 15:28:00 workstation kernel: ACPI: bus type drm_connector registered
Apr 06 15:28:00 workstation kernel: i8042: PNP: PS/2 Controller [PNP0303:PS2K,PNP0f13:PS2M] at 0x60,0x64 irq 1,12
Apr 06 15:28:00 workstation kernel: serio: i8042 KBD port at 0x60,0x64 irq 1
Apr 06 15:28:00 workstation kernel: serio: i8042 AUX port at 0x60,0x64 irq 12
Apr 06 15:28:00 workstation kernel: mousedev: PS/2 mouse device common for all mice
Apr 06 15:28:00 workstation kernel: rtc_cmos 00:04: RTC can wake from S4
Apr 06 15:28:00 workstation kernel: rtc_cmos 00:04: registered as rtc0
Apr 06 15:28:00 workstation kernel: rtc_cmos 00:04: setting system clock to 2024-04-06T19:27:59 UTC (1712431679)
Apr 06 15:28:00 workstation kernel: rtc_cmos 00:04: alarms up to one month, y3k, 242 bytes nvram
Apr 06 15:28:00 workstation kernel: intel_pstate: Intel P-state driver initializing
Apr 06 15:28:00 workstation kernel: intel_pstate: HWP enabled
Apr 06 15:28:00 workstation kernel: ledtrig-cpu: registered to indicate activity on CPUs
Apr 06 15:28:00 workstation kernel: [drm] Initialized simpledrm 1.0.0 20200625 for simple-framebuffer.0 on minor 0
Apr 06 15:28:00 workstation kernel: Console: switching to colour frame buffer device 170x48
Apr 06 15:28:00 workstation kernel: simple-framebuffer simple-framebuffer.0: [drm] fb0: simpledrmdrmfb frame buffer device
Apr 06 15:28:00 workstation kernel: hid: raw HID events driver (C) Jiri Kosina
Apr 06 15:28:00 workstation kernel: drop_monitor: Initializing network drop monitor service
Apr 06 15:28:00 workstation kernel: NET: Registered PF_INET6 protocol family
Apr 06 15:28:00 workstation kernel: Segment Routing with IPv6
Apr 06 15:28:00 workstation kernel: RPL Segment Routing with IPv6
Apr 06 15:28:00 workstation kernel: In-situ OAM (IOAM) with IPv6
Apr 06 15:28:00 workstation kernel: ENERGY_PERF_BIAS: Set to 'normal', was 'performance'
Apr 06 15:28:00 workstation kernel: microcode: Current revision: 0x000000f4
Apr 06 15:28:00 workstation kernel: IPI shorthand broadcast: enabled
Apr 06 15:28:00 workstation kernel: sched_clock: Marking stable (528556051, 5944489)->(565854800, -31354260)
Apr 06 15:28:00 workstation kernel: registered taskstats version 1
Apr 06 15:28:00 workstation kernel: Loading compiled-in X.509 certificates
Apr 06 15:28:00 workstation kernel: Loaded X.509 cert 'openSUSE Secure Boot Signkey: fd9f2c12e599d67cc7f9067541adf426b712469e'
Apr 06 15:28:00 workstation kernel: page_owner is disabled
Apr 06 15:28:00 workstation kernel: Key type .fscrypt registered
Apr 06 15:28:00 workstation kernel: Key type fscrypt-provisioning registered
Apr 06 15:28:00 workstation kernel: Key type encrypted registered
Apr 06 15:28:00 workstation kernel: AppArmor: AppArmor sha256 policy hashing enabled
Apr 06 15:28:00 workstation kernel: integrity: Loading X.509 certificate: UEFI:db
Apr 06 15:28:00 workstation kernel: integrity: Loaded X.509 cert 'Microsoft Windows Production PCA 2011: a92902398e16c49778cd90f99e4f9ae17c55af53'
Apr 06 15:28:00 workstation kernel: integrity: Loading X.509 certificate: UEFI:db
Apr 06 15:28:00 workstation kernel: integrity: Loaded X.509 cert 'Microsoft Corporation UEFI CA 2011: 13adbf4309bd82709c8cd54f316ed522988a1bd4'
Apr 06 15:28:00 workstation kernel: integrity: Loading X.509 certificate: UEFI:db
Apr 06 15:28:00 workstation kernel: integrity: Loaded X.509 cert 'Hewlett-Packard Company: HP UEFI Secure Boot 2013 DB key: 1d7cf2c2b92673f69c8ee1ec7063967ab9b62bec'
Apr 06 15:28:00 workstation kernel: integrity: Loading X.509 certificate: UEFI:MokListRT (MOKvar table)
Apr 06 15:28:00 workstation kernel: integrity: Loaded X.509 cert 'openSUSE Secure Boot CA: 6842600de22c4c477e95be23dfea9513e5971762'
Apr 06 15:28:00 workstation kernel: Loading compiled-in module X.509 certificates
Apr 06 15:28:00 workstation kernel: Loaded X.509 cert 'openSUSE Secure Boot Signkey: fd9f2c12e599d67cc7f9067541adf426b712469e'
Apr 06 15:28:00 workstation kernel: ima: Allocated hash algorithm: sha256
Apr 06 15:28:00 workstation kernel: input: AT Translated Set 2 keyboard as /devices/platform/i8042/serio0/input/input0
Apr 06 15:28:00 workstation kernel: evm: Initialising EVM extended attributes:
Apr 06 15:28:00 workstation kernel: evm: security.selinux
Apr 06 15:28:00 workstation kernel: evm: security.SMACK64 (disabled)
Apr 06 15:28:00 workstation kernel: evm: security.SMACK64EXEC (disabled)
Apr 06 15:28:00 workstation kernel: evm: security.SMACK64TRANSMUTE (disabled)
Apr 06 15:28:00 workstation kernel: evm: security.SMACK64MMAP (disabled)
Apr 06 15:28:00 workstation kernel: evm: security.apparmor
Apr 06 15:28:00 workstation kernel: evm: security.ima
Apr 06 15:28:00 workstation kernel: evm: security.capability
Apr 06 15:28:00 workstation kernel: evm: HMAC attrs: 0x1
Apr 06 15:28:00 workstation kernel: audit: type=1807 audit(1712431679.593:2): action=measure func=KEXEC_KERNEL_CHECK res=1
Apr 06 15:28:00 workstation kernel: audit: type=1807 audit(1712431679.593:3): action=measure func=MODULE_CHECK res=1
Apr 06 15:28:00 workstation kernel: PM:   Magic number: 4:380:495
Apr 06 15:28:00 workstation kernel: RAS: Correctable Errors collector initialized.
Apr 06 15:28:00 workstation kernel: Lockdown: swapper/0: hibernation is restricted; see man kernel_lockdown.7
Apr 06 15:28:00 workstation kernel: clk: Disabling unused clocks
Apr 06 15:28:00 workstation kernel: Freeing unused decrypted memory: 2028K
Apr 06 15:28:00 workstation kernel: Freeing unused kernel image (initmem) memory: 4268K
Apr 06 15:28:00 workstation kernel: Write protecting the kernel read-only data: 30720k
Apr 06 15:28:00 workstation kernel: Freeing unused kernel image (rodata/data gap) memory: 1608K
Apr 06 15:28:00 workstation kernel: Run /init as init process
Apr 06 15:28:00 workstation kernel:   with arguments:
Apr 06 15:28:00 workstation kernel:     /init
Apr 06 15:28:00 workstation kernel:   with environment:
Apr 06 15:28:00 workstation kernel:     HOME=/
Apr 06 15:28:00 workstation kernel:     TERM=linux
Apr 06 15:28:00 workstation kernel:     BOOT_IMAGE=/boot/vmlinuz-6.8.2-1-default
Apr 06 15:28:00 workstation kernel:     splash=silent
Apr 06 15:28:00 workstation systemd[1]: systemd 255.4+suse.22.g56b53b17bc running in system mode (+PAM +AUDIT +SELINUX +APPARMOR +IMA -SMACK +SECCOMP +GCRYPT +GNUTLS +OPENSSL +ACL +BLKID +CURL +ELFUTILS +FIDO2 +IDN2 -IDN +IPTC +KMOD +LIBCRYPTSETUP +LIBFDISK +PCRE2 +PWQUALITY +P11KIT +QRENCODE +TPM2 +BZIP2 +LZ4 +XZ +ZLIB +ZSTD +BPF_FRAMEWORK -XKBCOMMON -UTMP +SYSVINIT default-hierarchy=unified)
Apr 06 15:28:00 workstation systemd[1]: Detected architecture x86-64.
Apr 06 15:28:00 workstation systemd[1]: Running in initrd.
Apr 06 15:28:00 workstation systemd[1]: Hostname set to <workstation>.
Apr 06 15:28:00 workstation systemd[1]: Initializing machine ID from random generator.
Apr 06 15:28:00 workstation systemd[1]: /usr/lib/systemd/system/plymouth-start.service:15: Unit uses KillMode=none. This is unsafe, as it disables systemd's process lifecycle management for the service. Please update the service to use a safer KillMode=, such as 'mixed' or 'control-group'. Support for KillMode=none is deprecated and will eventually be removed.
Apr 06 15:28:00 workstation systemd[1]: Queued start job for default target Initrd Default Target.
Apr 06 15:28:00 workstation systemd[1]: Created slice Slice /system/systemd-cryptsetup.
Apr 06 15:28:00 workstation systemd[1]: Expecting device /dev/disk/by-uuid/6E97-3344...
Apr 06 15:28:00 workstation systemd[1]: Expecting device /dev/disk/by-uuid/74439765-9733-476f-ba82-6925c96377ea...
Apr 06 15:28:00 workstation systemd[1]: Expecting device /dev/disk/by-uuid/99e5aa31-79da-4e38-a0d9-d57361420cf6...
Apr 06 15:28:00 workstation systemd[1]: Reached target Initrd /usr File System.
Apr 06 15:28:00 workstation systemd[1]: Reached target Slice Units.
Apr 06 15:28:00 workstation systemd[1]: Reached target Swaps.
Apr 06 15:28:00 workstation systemd[1]: Reached target Timer Units.
Apr 06 15:28:00 workstation systemd[1]: Listening on Journal Socket (/dev/log).
Apr 06 15:28:00 workstation systemd[1]: Listening on Journal Socket.
Apr 06 15:28:00 workstation systemd[1]: Listening on udev Control Socket.
Apr 06 15:28:00 workstation systemd[1]: Listening on udev Kernel Socket.
Apr 06 15:28:00 workstation systemd[1]: Reached target Socket Units.
Apr 06 15:28:00 workstation systemd[1]: Starting Create List of Static Device Nodes...
Apr 06 15:28:00 workstation systemd[1]: Starting Journal Service...
Apr 06 15:28:00 workstation systemd[1]: Starting Load Kernel Modules...
Apr 06 15:28:00 workstation systemd[1]: Starting Virtual Console Setup...
Apr 06 15:28:00 workstation systemd[1]: Finished Create List of Static Device Nodes.
Apr 06 15:28:00 workstation systemd[1]: Starting Create Static Device Nodes in /dev gracefully...
Apr 06 15:28:00 workstation systemd-journald[233]: Collecting audit messages is disabled.
Apr 06 15:28:00 workstation systemd[1]: Finished Create Static Device Nodes in /dev gracefully.
Apr 06 15:28:00 workstation systemd[1]: Starting Create Static Device Nodes in /dev...
Apr 06 15:28:00 workstation systemd[1]: Finished Load Kernel Modules.
Apr 06 15:28:00 workstation systemd[1]: Starting Apply Kernel Variables...
Apr 06 15:28:00 workstation systemd[1]: Finished Create Static Device Nodes in /dev.
Apr 06 15:28:00 workstation systemd[1]: Reached target Preparation for Local File Systems.
Apr 06 15:28:00 workstation systemd[1]: Reached target Local File Systems.
Apr 06 15:28:00 workstation systemd[1]: Finished Apply Kernel Variables.
Apr 06 15:28:00 workstation systemd-journald[233]: Journal started
Apr 06 15:28:00 workstation systemd-journald[233]: Runtime Journal (/run/log/journal/64401105191441ba96bd341f17856f14) is 8.0M, max 234.1M, 226.1M free.
Apr 06 15:27:59 workstation systemd-modules-load[234]: Inserted module 'msr'
Apr 06 15:28:00 workstation systemd[1]: Starting Create Volatile Files and Directories...
Apr 06 15:28:00 workstation systemd[1]: Started Journal Service.
Apr 06 15:28:00 workstation systemd[1]: Finished Create Volatile Files and Directories.
Apr 06 15:28:00 workstation systemd[1]: Finished Virtual Console Setup.
Apr 06 15:28:00 workstation systemd[1]: Starting dracut ask for additional cmdline parameters...
Apr 06 15:28:00 workstation systemd[1]: Finished dracut ask for additional cmdline parameters.
Apr 06 15:28:00 workstation systemd[1]: Starting dracut cmdline hook...
Apr 06 15:28:00 workstation dracut-cmdline[273]: dracut-059+suse.560.g145cde90-1.2
Apr 06 15:28:00 workstation dracut-cmdline[273]: Using kernel command line parameters:  rd.driver.pre=btrfs rd.luks.uuid=luks-99e5aa31-79da-4e38-a0d9-d57361420cf6 root=UUID=74439765-9733-476f-ba82-6925c96377ea rootfstype=btrfs rootflags=rw,relatime,space_cache=v2,subvolid=266,subvol=/@/.snapshots/1/snapshot,subvol=@/.snapshots/1/snapshot   BOOT_IMAGE=/boot/vmlinuz-6.8.2-1-default root=UUID=74439765-9733-476f-ba82-6925c96377ea splash=silent quiet rd.shell=0 security=apparmor mitigations=auto
Apr 06 15:28:00 workstation kernel: psmouse serio1: elantech: assuming hardware version 4 (with firmware version 0x4d5f02)
Apr 06 15:28:00 workstation kernel: psmouse serio1: elantech: Synaptics capabilities query result 0x10, 0x1a, 0x0d.
Apr 06 15:28:00 workstation kernel: psmouse serio1: elantech: Elan sample query result 04, 4d, 86
Apr 06 15:28:00 workstation systemd-escape[359]: Input 'luks-99e5aa31-79da-4e38-a0d9-d57361420cf6' is not an absolute file system path, escaping is likely not going to be reversible.
Apr 06 15:28:00 workstation kernel: input: ETPS/2 Elantech Touchpad as /devices/platform/i8042/serio1/input/input2
Apr 06 15:28:00 workstation systemd[1]: Finished dracut cmdline hook.
Apr 06 15:28:00 workstation systemd[1]: Starting dracut pre-udev hook...
Apr 06 15:28:00 workstation kernel: tsc: Refined TSC clocksource calibration: 1800.003 MHz
Apr 06 15:28:00 workstation kernel: clocksource: tsc: mask: 0xffffffffffffffff max_cycles: 0x19f22c73312, max_idle_ns: 440795259572 ns
Apr 06 15:28:00 workstation kernel: clocksource: Switched to clocksource tsc
Apr 06 15:28:00 workstation kernel: device-mapper: uevent: version 1.0.3
Apr 06 15:28:00 workstation kernel: device-mapper: ioctl: 4.48.0-ioctl (2023-03-01) initialised: dm-devel@redhat.com
Apr 06 15:28:00 workstation kernel: raid6: avx2x4   gen() 37720 MB/s
Apr 06 15:28:00 workstation kernel: raid6: avx2x2   gen() 38214 MB/s
Apr 06 15:28:00 workstation kernel: raid6: avx2x1   gen() 31927 MB/s
Apr 06 15:28:00 workstation kernel: raid6: using algorithm avx2x2 gen() 38214 MB/s
Apr 06 15:28:00 workstation kernel: raid6: .... xor() 22380 MB/s, rmw enabled
Apr 06 15:28:00 workstation kernel: raid6: using avx2x2 recovery algorithm
Apr 06 15:28:00 workstation kernel: xor: automatically using best checksumming function   avx       
Apr 06 15:28:00 workstation kernel: Btrfs loaded, assert=on, zoned=yes, fsverity=yes
Apr 06 15:28:00 workstation systemd[1]: Finished dracut pre-udev hook.
Apr 06 15:28:00 workstation systemd[1]: Starting Rule-based Manager for Device Events and Files...
Apr 06 15:28:00 workstation systemd-udevd[417]: Using default interface naming scheme 'v255'.
Apr 06 15:28:00 workstation systemd[1]: Started Rule-based Manager for Device Events and Files.
Apr 06 15:28:00 workstation systemd[1]: dracut pre-trigger hook was skipped because no trigger condition checks were met.
Apr 06 15:28:00 workstation systemd[1]: Starting Coldplug All udev Devices...
Apr 06 15:28:00 workstation kernel: psmouse serio1: elantech: assuming hardware version 4 (with firmware version 0x4d5f02)
Apr 06 15:28:00 workstation kernel: psmouse serio1: elantech: Synaptics capabilities query result 0x10, 0x1a, 0x0d.
Apr 06 15:28:00 workstation kernel: psmouse serio1: elantech: Elan sample query result 04, 4d, 86
Apr 06 15:28:00 workstation systemd[1]: Finished Coldplug All udev Devices.
Apr 06 15:28:01 workstation kernel: wmi_bus wmi_bus-PNP0C14:00: WQBC data block query control method not found
Apr 06 15:28:01 workstation kernel: wmi_bus wmi_bus-PNP0C14:00: [Firmware Info]: 8232DE3D-663D-4327-A8F4-E293ADB9BF05 has zero instances
Apr 06 15:28:01 workstation kernel: wmi_bus wmi_bus-PNP0C14:00: [Firmware Info]: 8F1F6436-9F42-42C8-BADC-0E9424F20C9A has zero instances
Apr 06 15:28:01 workstation kernel: wmi_bus wmi_bus-PNP0C14:00: [Firmware Info]: 8F1F6435-9F42-42C8-BADC-0E9424F20C9A has zero instances
Apr 06 15:28:01 workstation kernel: wmi_bus wmi_bus-PNP0C14:00: [Firmware Info]: DF4E63B6-3BBC-4858-9737-C74F82F821F3 has zero instances
Apr 06 15:28:01 workstation kernel: cryptd: max_cpu_qlen set to 1000
Apr 06 15:28:01 workstation kernel: ACPI: bus type USB registered
Apr 06 15:28:01 workstation kernel: usbcore: registered new interface driver usbfs
Apr 06 15:28:01 workstation kernel: usbcore: registered new interface driver hub
Apr 06 15:28:01 workstation kernel: usbcore: registered new device driver usb
Apr 06 15:28:01 workstation kernel: input: ETPS/2 Elantech Touchpad as /devices/platform/i8042/serio1/input/input4
Apr 06 15:28:01 workstation systemd[1]: Starting dracut initqueue hook...
Apr 06 15:28:01 workstation systemd[1]: systemd-vconsole-setup.service: Deactivated successfully.
Apr 06 15:28:01 workstation systemd[1]: Stopped Virtual Console Setup.
Apr 06 15:28:01 workstation systemd[1]: Stopping Virtual Console Setup...
Apr 06 15:28:01 workstation systemd[1]: Starting Virtual Console Setup...
Apr 06 15:28:01 workstation kernel: ACPI: battery: Slot [BAT0] (battery present)
Apr 06 15:28:01 workstation kernel: AVX2 version of gcm_enc/dec engaged.
Apr 06 15:28:01 workstation kernel: AES CTR mode by8 optimization enabled
Apr 06 15:28:01 workstation kernel: SCSI subsystem initialized
Apr 06 15:28:01 workstation kernel: xhci_hcd 0000:00:14.0: xHCI Host Controller
Apr 06 15:28:01 workstation kernel: xhci_hcd 0000:00:14.0: new USB bus registered, assigned bus number 1
Apr 06 15:28:01 workstation kernel: xhci_hcd 0000:00:14.0: hcc params 0x200077c1 hci version 0x100 quirks 0x0000000081109810
Apr 06 15:28:01 workstation kernel: xhci_hcd 0000:00:14.0: xHCI Host Controller
Apr 06 15:28:01 workstation kernel: xhci_hcd 0000:00:14.0: new USB bus registered, assigned bus number 2
Apr 06 15:28:01 workstation kernel: xhci_hcd 0000:00:14.0: Host supports USB 3.0 SuperSpeed
Apr 06 15:28:01 workstation kernel: usb usb1: New USB device found, idVendor=1d6b, idProduct=0002, bcdDevice= 6.08
Apr 06 15:28:01 workstation kernel: usb usb1: New USB device strings: Mfr=3, Product=2, SerialNumber=1
Apr 06 15:28:01 workstation kernel: usb usb1: Product: xHCI Host Controller
Apr 06 15:28:01 workstation kernel: usb usb1: Manufacturer: Linux 6.8.2-1-default xhci-hcd
Apr 06 15:28:01 workstation kernel: usb usb1: SerialNumber: 0000:00:14.0
Apr 06 15:28:01 workstation kernel: hub 1-0:1.0: USB hub found
Apr 06 15:28:01 workstation kernel: hub 1-0:1.0: 12 ports detected
Apr 06 15:28:01 workstation kernel: alua: device handler registered
Apr 06 15:28:01 workstation kernel: rdac: device handler registered
Apr 06 15:28:01 workstation kernel: emc: device handler registered
Apr 06 15:28:01 workstation kernel: usb usb2: New USB device found, idVendor=1d6b, idProduct=0003, bcdDevice= 6.08
Apr 06 15:28:01 workstation kernel: usb usb2: New USB device strings: Mfr=3, Product=2, SerialNumber=1
Apr 06 15:28:01 workstation kernel: usb usb2: Product: xHCI Host Controller
Apr 06 15:28:01 workstation kernel: usb usb2: Manufacturer: Linux 6.8.2-1-default xhci-hcd
Apr 06 15:28:01 workstation kernel: usb usb2: SerialNumber: 0000:00:14.0
Apr 06 15:28:01 workstation kernel: hub 2-0:1.0: USB hub found
Apr 06 15:28:01 workstation kernel: hub 2-0:1.0: 6 ports detected
Apr 06 15:28:01 workstation systemd[1]: Reloading requested from client PID 500 ('systemctl') (unit dracut-initqueue.service)...
Apr 06 15:28:01 workstation systemd[1]: Reloading...
Apr 06 15:28:01 workstation kernel: libata version 3.00 loaded.
Apr 06 15:28:01 workstation kernel: ahci 0000:00:17.0: version 3.0
Apr 06 15:28:01 workstation kernel: ahci 0000:00:17.0: AHCI 0001.0301 32 slots 1 ports 6 Gbps 0x1 impl SATA mode
Apr 06 15:28:01 workstation kernel: ahci 0000:00:17.0: flags: 64bit ncq pm led clo only pio slum part deso sadm sds apst 
Apr 06 15:28:01 workstation kernel: scsi host0: ahci
Apr 06 15:28:01 workstation kernel: ata1: SATA max UDMA/133 abar m2048@0xa1234000 port 0xa1234100 irq 133 lpm-pol 0
Apr 06 15:28:01 workstation systemd[1]: /usr/lib/systemd/system/plymouth-start.service:15: Unit uses KillMode=none. This is unsafe, as it disables systemd's process lifecycle management for the service. Please update the service to use a safer KillMode=, such as 'mixed' or 'control-group'. Support for KillMode=none is deprecated and will eventually be removed.
Apr 06 15:28:01 workstation systemd[1]: Reloading finished in 103 ms.
Apr 06 15:28:01 workstation kernel: usb 1-1: new full-speed USB device number 2 using xhci_hcd
Apr 06 15:28:01 workstation kernel: ata1: SATA link up 6.0 Gbps (SStatus 133 SControl 300)
Apr 06 15:28:01 workstation kernel: ata1.00: ATA-10: ST1000LM035-1RK172, RSM8, max UDMA/100
Apr 06 15:28:01 workstation kernel: ata1.00: 1953525168 sectors, multi 16: LBA48 NCQ (depth 32), AA
Apr 06 15:28:01 workstation kernel: ata1.00: configured for UDMA/100
Apr 06 15:28:01 workstation kernel: scsi 0:0:0:0: Direct-Access     ATA      ST1000LM035-1RK1 RSM8 PQ: 0 ANSI: 5
Apr 06 15:28:01 workstation kernel: sd 0:0:0:0: Attached scsi generic sg0 type 0
Apr 06 15:28:01 workstation kernel: sd 0:0:0:0: [sda] 1953525168 512-byte logical blocks: (1.00 TB/932 GiB)
Apr 06 15:28:01 workstation kernel: sd 0:0:0:0: [sda] 4096-byte physical blocks
Apr 06 15:28:01 workstation kernel: sd 0:0:0:0: [sda] Write Protect is off
Apr 06 15:28:01 workstation kernel: sd 0:0:0:0: [sda] Mode Sense: 00 3a 00 00
Apr 06 15:28:01 workstation kernel: sd 0:0:0:0: [sda] Write cache: enabled, read cache: enabled, doesn't support DPO or FUA
Apr 06 15:28:01 workstation kernel: sd 0:0:0:0: [sda] Preferred minimum I/O size 4096 bytes
Apr 06 15:28:01 workstation kernel: usb 1-1: New USB device found, idVendor=046d, idProduct=c534, bcdDevice=29.01
Apr 06 15:28:01 workstation kernel: usb 1-1: New USB device strings: Mfr=1, Product=2, SerialNumber=0
Apr 06 15:28:01 workstation kernel: usb 1-1: Product: USB Receiver
Apr 06 15:28:01 workstation kernel: usb 1-1: Manufacturer: Logitech
Apr 06 15:28:01 workstation systemd[1]: Finished Virtual Console Setup.
Apr 06 15:28:01 workstation kernel:  sda: sda1 sda2 sda3 sda4 sda5 sda6
Apr 06 15:28:01 workstation kernel: sd 0:0:0:0: [sda] Attached SCSI disk
Apr 06 15:28:01 workstation kernel: usbcore: registered new interface driver usbhid
Apr 06 15:28:01 workstation kernel: usbhid: USB HID core driver
Apr 06 15:28:01 workstation kernel: input: Logitech USB Receiver as /devices/pci0000:00/0000:00:14.0/usb1/1-1/1-1:1.0/0003:046D:C534.0001/input/input5
Apr 06 15:28:01 workstation kernel: usb 1-3: new high-speed USB device number 3 using xhci_hcd
Apr 06 15:28:01 workstation kernel: Console: switching to colour dummy device 80x25
Apr 06 15:28:01 workstation kernel: i915 0000:00:02.0: vgaarb: deactivate vga console
Apr 06 15:28:01 workstation kernel: i915 0000:00:02.0: vgaarb: VGA decodes changed: olddecodes=io+mem,decodes=io+mem:owns=io+mem
Apr 06 15:28:01 workstation systemd[1]: Starting Show Plymouth Boot Screen...
Apr 06 15:28:01 workstation plymouthd[595]: 00:00:02.725 ply-utils.c:932:ply_get_kernel_command_line                   : opening /proc/cmdline
Apr 06 15:28:01 workstation plymouthd[595]: 00:00:02.725 ply-utils.c:940:ply_get_kernel_command_line                   : reading kernel command line
Apr 06 15:28:01 workstation plymouthd[595]: 00:00:02.725 ply-utils.c:959:ply_get_kernel_command_line                   : Kernel command line is: 'BOOT_IMAGE=/boot/vmlinuz-6.8.2-1-default root=UUID=74439765-9733-476f-ba82-6925c96377ea splash=silent quiet rd.shell=0 security=apparmor mitigations=auto
Apr 06 15:28:01 workstation plymouthd[595]: '
Apr 06 15:28:01 workstation plymouthd[595]: 00:00:02.725 main.c:1938:check_logging                                     : checking if console messages should be redirected and logged
Apr 06 15:28:01 workstation plymouthd[595]: 00:00:02.725 main.c:1947:check_logging                                     : logging will be enabled!
Apr 06 15:28:01 workstation plymouthd[595]: 00:00:02.725 main.c:2017:initialize_environment                            : source built on Aug 28 2023
Apr 06 15:28:01 workstation systemd[1]: Received SIGRTMIN+20 from PID 595 (plymouthd).
Apr 06 15:28:01 workstation kernel: i915 0000:00:02.0: [drm] Finished loading DMC firmware i915/kbl_dmc_ver1_04.bin (v1.4)
Apr 06 15:28:01 workstation kernel: hid-generic 0003:046D:C534.0001: input,hidraw0: USB HID v1.11 Keyboard [Logitech USB Receiver] on usb-0000:00:14.0-1/input0
Apr 06 15:28:01 workstation kernel: input: Logitech USB Receiver Mouse as /devices/pci0000:00/0000:00:14.0/usb1/1-1/1-1:1.1/0003:046D:C534.0002/input/input6
Apr 06 15:28:01 workstation kernel: input: Logitech USB Receiver Consumer Control as /devices/pci0000:00/0000:00:14.0/usb1/1-1/1-1:1.1/0003:046D:C534.0002/input/input7
Apr 06 15:28:01 workstation systemd[1]: Started Show Plymouth Boot Screen.
Apr 06 15:28:01 workstation systemd[1]: Dispatch Password Requests to Console Directory Watch was skipped because of an unmet condition check (ConditionPathExists=!/run/plymouth/pid).
Apr 06 15:28:01 workstation systemd[1]: Started Forward Password Requests to Plymouth Directory Watch.
Apr 06 15:28:01 workstation systemd[1]: Reached target Path Units.
Apr 06 15:28:01 workstation kernel: [drm] Initialized i915 1.6.0 20230929 for 0000:00:02.0 on minor 1
Apr 06 15:28:01 workstation kernel: ACPI: video: Video Device [GFX0] (multi-head: yes  rom: no  post: no)
Apr 06 15:28:01 workstation kernel: input: Video Bus as /devices/LNXSYSTM:00/LNXSYBUS:00/PNP0A08:00/LNXVIDEO:00/input/input11
Apr 06 15:28:01 workstation kernel: input: Logitech USB Receiver System Control as /devices/pci0000:00/0000:00:14.0/usb1/1-1/1-1:1.1/0003:046D:C534.0002/input/input8
Apr 06 15:28:01 workstation kernel: i915 display info: display version: 9
Apr 06 15:28:01 workstation kernel: i915 display info: cursor_needs_physical: no
Apr 06 15:28:01 workstation kernel: i915 display info: has_cdclk_crawl: no
Apr 06 15:28:01 workstation kernel: i915 display info: has_cdclk_squash: no
Apr 06 15:28:01 workstation kernel: i915 display info: has_ddi: yes
Apr 06 15:28:01 workstation kernel: i915 display info: has_dp_mst: yes
Apr 06 15:28:01 workstation kernel: i915 display info: has_dsb: no
Apr 06 15:28:01 workstation kernel: i915 display info: has_fpga_dbg: yes
Apr 06 15:28:01 workstation kernel: hid-generic 0003:046D:C534.0002: input,hiddev96,hidraw1: USB HID v1.11 Mouse [Logitech USB Receiver] on usb-0000:00:14.0-1/input1
Apr 06 15:28:01 workstation kernel: i915 display info: has_gmch: no
Apr 06 15:28:01 workstation kernel: i915 display info: has_hotplug: yes
Apr 06 15:28:01 workstation kernel: i915 display info: has_hti: no
Apr 06 15:28:01 workstation kernel: i915 display info: has_ipc: yes
Apr 06 15:28:01 workstation kernel: i915 display info: has_overlay: no
Apr 06 15:28:01 workstation kernel: i915 display info: has_psr: yes
Apr 06 15:28:01 workstation kernel: i915 display info: has_psr_hw_tracking: yes
Apr 06 15:28:01 workstation kernel: i915 display info: overlay_needs_physical: no
Apr 06 15:28:01 workstation kernel: i915 display info: supports_tv: no
Apr 06 15:28:01 workstation kernel: i915 display info: has_hdcp: yes
Apr 06 15:28:01 workstation kernel: i915 display info: has_dmc: yes
Apr 06 15:28:01 workstation kernel: i915 display info: has_dsc: no
Apr 06 15:28:01 workstation kernel: fbcon: i915drmfb (fb0) is primary device
Apr 06 15:28:01 workstation systemd[1]: systemd-vconsole-setup.service: Deactivated successfully.
Apr 06 15:28:01 workstation systemd[1]: Stopped Virtual Console Setup.
Apr 06 15:28:01 workstation kernel: usb 1-3: New USB device found, idVendor=05c8, idProduct=03bc, bcdDevice= 0.03
Apr 06 15:28:01 workstation kernel: usb 1-3: New USB device strings: Mfr=1, Product=2, SerialNumber=0
Apr 06 15:28:01 workstation kernel: usb 1-3: Product: HP Wide Vision HD Camera
Apr 06 15:28:01 workstation kernel: usb 1-3: Manufacturer: SunplusIT Inc
Apr 06 15:28:01 workstation kernel: usb 1-7: new full-speed USB device number 4 using xhci_hcd
Apr 06 15:28:02 workstation kernel: usb 1-7: New USB device found, idVendor=8087, idProduct=0aa7, bcdDevice= 0.01
Apr 06 15:28:02 workstation kernel: usb 1-7: New USB device strings: Mfr=0, Product=0, SerialNumber=0
Apr 06 15:28:02 workstation kernel: Console: switching to colour frame buffer device 170x48
Apr 06 15:28:02 workstation systemd[1]: Stopping Virtual Console Setup...
Apr 06 15:28:02 workstation kernel: i915 0000:00:02.0: [drm] fb0: i915drmfb frame buffer device
Apr 06 15:28:03 workstation systemd[1]: Starting Virtual Console Setup...
Apr 06 15:28:03 workstation systemd[1]: Found device ST1000LM035-1RK172 6.
Apr 06 15:28:03 workstation systemd[1]: Found device ST1000LM035-1RK172 EFI\x20system\x20partition.
Apr 06 15:28:03 workstation systemd[1]: Starting Cryptography Setup for cr_root...
Apr 06 15:28:03 workstation systemd[1]: Finished Virtual Console Setup.
Apr 06 15:28:03 workstation systemd-cryptsetup[609]: Set cipher aes, mode xts-plain64, key size 512 bits for device /dev/disk/by-uuid/99e5aa31-79da-4e38-a0d9-d57361420cf6.
Apr 06 15:28:03 workstation kernel: logitech-djreceiver 0003:046D:C534.0001: hidraw0: USB HID v1.11 Keyboard [Logitech USB Receiver] on usb-0000:00:14.0-1/input0
Apr 06 15:28:03 workstation kernel: logitech-djreceiver 0003:046D:C534.0002: hiddev96,hidraw1: USB HID v1.11 Mouse [Logitech USB Receiver] on usb-0000:00:14.0-1/input1
Apr 06 15:28:03 workstation kernel: logitech-djreceiver 0003:046D:C534.0002: device of type eQUAD nano Lite (0x0a) connected on slot 1
Apr 06 15:28:03 workstation kernel: logitech-djreceiver 0003:046D:C534.0002: device of type eQUAD nano Lite (0x0a) connected on slot 2
Apr 06 15:28:03 workstation kernel: input: Logitech Wireless Keyboard PID:4023 Keyboard as /devices/pci0000:00/0000:00:14.0/usb1/1-1/1-1:1.1/0003:046D:C534.0002/0003:046D:4023.0003/input/input12
Apr 06 15:28:03 workstation kernel: hid-generic 0003:046D:4023.0003: input,hidraw2: USB HID v1.11 Keyboard [Logitech Wireless Keyboard PID:4023] on usb-0000:00:14.0-1/input1:1
Apr 06 15:28:03 workstation kernel: input: Logitech Wireless Mouse PID:4054 Mouse as /devices/pci0000:00/0000:00:14.0/usb1/1-1/1-1:1.1/0003:046D:C534.0002/0003:046D:4054.0004/input/input17
Apr 06 15:28:03 workstation kernel: hid-generic 0003:046D:4054.0004: input,hidraw3: USB HID v1.11 Mouse [Logitech Wireless Mouse PID:4054] on usb-0000:00:14.0-1/input1:2
Apr 06 15:28:03 workstation kernel: input: Logitech Wireless Keyboard PID:4023 as /devices/pci0000:00/0000:00:14.0/usb1/1-1/1-1:1.1/0003:046D:C534.0002/0003:046D:4023.0003/input/input21
Apr 06 15:28:03 workstation kernel: logitech-hidpp-device 0003:046D:4023.0003: input,hidraw2: USB HID v1.11 Keyboard [Logitech Wireless Keyboard PID:4023] on usb-0000:00:14.0-1/input1:1
Apr 06 15:28:03 workstation kernel: input: Logitech Wireless Mouse as /devices/pci0000:00/0000:00:14.0/usb1/1-1/1-1:1.1/0003:046D:C534.0002/0003:046D:4054.0004/input/input22
Apr 06 15:28:03 workstation kernel: logitech-hidpp-device 0003:046D:4054.0004: input,hidraw3: USB HID v1.11 Mouse [Logitech Wireless Mouse] on usb-0000:00:14.0-1/input1:2
Apr 06 15:28:05 workstation kernel: Key type trusted registered
Apr 06 15:28:05 workstation systemd[1]: Found device /dev/disk/by-uuid/74439765-9733-476f-ba82-6925c96377ea.
Apr 06 15:28:05 workstation systemd[1]: Finished Cryptography Setup for cr_root.
Apr 06 15:28:05 workstation systemd[1]: Reached target Local Encrypted Volumes.
Apr 06 15:28:05 workstation systemd[1]: Reached target Initrd Root Device.
Apr 06 15:28:05 workstation systemd[1]: Reached target System Initialization.
Apr 06 15:28:05 workstation systemd[1]: Reached target Basic System.
Apr 06 15:28:05 workstation systemd[1]: Finished dracut initqueue hook.
Apr 06 15:28:05 workstation systemd[1]: Reached target Preparation for Remote File Systems.
Apr 06 15:28:05 workstation systemd[1]: Reached target Remote Encrypted Volumes.
Apr 06 15:28:05 workstation systemd[1]: Reached target Remote File Systems.
Apr 06 15:28:05 workstation systemd[1]: dracut pre-mount hook was skipped because no trigger condition checks were met.
Apr 06 15:28:05 workstation systemd[1]: Starting File System Check on /dev/disk/by-uuid/74439765-9733-476f-ba82-6925c96377ea...
Apr 06 15:28:05 workstation systemd[1]: Finished File System Check on /dev/disk/by-uuid/74439765-9733-476f-ba82-6925c96377ea.
Apr 06 15:28:05 workstation systemd[1]: Mounting /sysroot...
Apr 06 15:28:05 workstation kernel: BTRFS: device fsid 74439765-9733-476f-ba82-6925c96377ea devid 1 transid 204 /dev/mapper/cr_root scanned by mount (668)
Apr 06 15:28:05 workstation kernel: BTRFS info (device dm-0): first mount of filesystem 74439765-9733-476f-ba82-6925c96377ea
Apr 06 15:28:05 workstation kernel: BTRFS info (device dm-0): using crc32c (crc32c-intel) checksum algorithm
Apr 06 15:28:05 workstation kernel: BTRFS info (device dm-0): using free-space-tree
Apr 06 15:28:06 workstation systemd[1]: Mounted /sysroot.
Apr 06 15:28:06 workstation systemd[1]: OSTree Prepare OS/ was skipped because of an unmet condition check (ConditionKernelCommandLine=ostree).
Apr 06 15:28:06 workstation systemd[1]: Reached target Initrd Root File System.
Apr 06 15:28:06 workstation systemd[1]: Starting Mountpoints Configured in the Real Root...
Apr 06 15:28:06 workstation systemd[1]: initrd-parse-etc.service: Deactivated successfully.
Apr 06 15:28:06 workstation systemd[1]: Finished Mountpoints Configured in the Real Root.
Apr 06 15:28:06 workstation systemd[1]: Reached target Initrd File Systems.
Apr 06 15:28:06 workstation systemd[1]: Reached target Initrd Default Target.
Apr 06 15:28:06 workstation systemd[1]: dracut mount hook was skipped because no trigger condition checks were met.
Apr 06 15:28:06 workstation systemd[1]: dracut pre-pivot and cleanup hook was skipped because no trigger condition checks were met.
Apr 06 15:28:06 workstation systemd[1]: Starting Cleaning Up and Shutting Down Daemons...
Apr 06 15:28:06 workstation systemd[1]: Stopped target Initrd Default Target.
Apr 06 15:28:06 workstation systemd[1]: Stopped target Basic System.
Apr 06 15:28:06 workstation systemd[1]: Stopped target Initrd Root Device.
Apr 06 15:28:06 workstation systemd[1]: Stopped target Initrd /usr File System.
Apr 06 15:28:06 workstation systemd[1]: Stopped target Path Units.
Apr 06 15:28:06 workstation systemd[1]: Stopped target Remote Encrypted Volumes.
Apr 06 15:28:06 workstation systemd[1]: Stopped target Remote File Systems.
Apr 06 15:28:06 workstation systemd[1]: Stopped target Preparation for Remote File Systems.
Apr 06 15:28:06 workstation systemd[1]: Stopped target Slice Units.
Apr 06 15:28:06 workstation systemd[1]: Stopped target Socket Units.
Apr 06 15:28:06 workstation systemd[1]: Stopped target System Initialization.
Apr 06 15:28:06 workstation systemd[1]: Stopped target Local Encrypted Volumes.
Apr 06 15:28:06 workstation systemd[1]: Stopped target Swaps.
Apr 06 15:28:06 workstation systemd[1]: Stopped target Timer Units.
Apr 06 15:28:06 workstation systemd[1]: dracut-initqueue.service: Deactivated successfully.
Apr 06 15:28:06 workstation systemd[1]: Stopped dracut initqueue hook.
Apr 06 15:28:06 workstation systemd[1]: OSTree Prepare OS/ was skipped because of an unmet condition check (ConditionKernelCommandLine=ostree).
Apr 06 15:28:06 workstation systemd[1]: Starting Plymouth switch root service...
Apr 06 15:28:06 workstation systemd[1]: systemd-sysctl.service: Deactivated successfully.
Apr 06 15:28:06 workstation systemd[1]: Stopped Apply Kernel Variables.
Apr 06 15:28:06 workstation systemd[1]: systemd-modules-load.service: Deactivated successfully.
Apr 06 15:28:06 workstation systemd[1]: Stopped Load Kernel Modules.
Apr 06 15:28:06 workstation systemd[1]: systemd-tmpfiles-setup.service: Deactivated successfully.
Apr 06 15:28:06 workstation systemd[1]: Stopped Create Volatile Files and Directories.
Apr 06 15:28:06 workstation systemd[1]: Stopped target Local File Systems.
Apr 06 15:28:06 workstation systemd[1]: Stopped target Preparation for Local File Systems.
Apr 06 15:28:06 workstation systemd[1]: systemd-udev-trigger.service: Deactivated successfully.
Apr 06 15:28:06 workstation systemd[1]: Stopped Coldplug All udev Devices.
Apr 06 15:28:06 workstation systemd[1]: Stopping Rule-based Manager for Device Events and Files...
Apr 06 15:28:06 workstation systemd[1]: initrd-cleanup.service: Deactivated successfully.
Apr 06 15:28:06 workstation systemd[1]: Finished Cleaning Up and Shutting Down Daemons.
Apr 06 15:28:06 workstation systemd[1]: systemd-udevd.service: Deactivated successfully.
Apr 06 15:28:06 workstation systemd[1]: Stopped Rule-based Manager for Device Events and Files.
Apr 06 15:28:06 workstation systemd[1]: systemd-udevd.service: Consumed 1.721s CPU time, 39.4M memory peak, 0B memory swap peak.
Apr 06 15:28:06 workstation systemd[1]: systemd-udevd-control.socket: Deactivated successfully.
Apr 06 15:28:06 workstation systemd[1]: Closed udev Control Socket.
Apr 06 15:28:06 workstation systemd[1]: systemd-udevd-kernel.socket: Deactivated successfully.
Apr 06 15:28:06 workstation systemd[1]: Closed udev Kernel Socket.
Apr 06 15:28:06 workstation systemd[1]: dracut-pre-udev.service: Deactivated successfully.
Apr 06 15:28:06 workstation systemd[1]: Stopped dracut pre-udev hook.
Apr 06 15:28:06 workstation systemd[1]: dracut-cmdline.service: Deactivated successfully.
Apr 06 15:28:06 workstation systemd[1]: Stopped dracut cmdline hook.
Apr 06 15:28:06 workstation systemd[1]: dracut-cmdline-ask.service: Deactivated successfully.
Apr 06 15:28:06 workstation systemd[1]: Stopped dracut ask for additional cmdline parameters.
Apr 06 15:28:06 workstation systemd[1]: Starting Cleanup udev Database...
Apr 06 15:28:06 workstation systemd[1]: systemd-tmpfiles-setup-dev.service: Deactivated successfully.
Apr 06 15:28:06 workstation systemd[1]: Stopped Create Static Device Nodes in /dev.
Apr 06 15:28:06 workstation systemd[1]: systemd-tmpfiles-setup-dev-early.service: Deactivated successfully.
Apr 06 15:28:06 workstation systemd[1]: Stopped Create Static Device Nodes in /dev gracefully.
Apr 06 15:28:06 workstation systemd[1]: kmod-static-nodes.service: Deactivated successfully.
Apr 06 15:28:06 workstation systemd[1]: Stopped Create List of Static Device Nodes.
Apr 06 15:28:06 workstation systemd[1]: initrd-udevadm-cleanup-db.service: Deactivated successfully.
Apr 06 15:28:06 workstation systemd[1]: Finished Cleanup udev Database.
Apr 06 15:28:06 workstation systemd[1]: Reached target Switch Root.
Apr 06 15:28:06 workstation systemd[1]: Finished Plymouth switch root service.
Apr 06 15:28:06 workstation systemd[1]: Starting Switch Root...
Apr 06 15:28:06 workstation systemd[1]: Switching root.
Apr 06 15:28:06 workstation systemd-journald[233]: Journal stopped
Apr 06 19:28:13 workstation systemd-journald[233]: Received SIGTERM from PID 1 (systemd).
Apr 06 19:28:13 workstation systemd[1]: RTC configured in localtime, applying delta of -240 minutes to system time.
Apr 06 19:28:13 workstation systemd[1]: systemd 255.4+suse.22.g56b53b17bc running in system mode (+PAM +AUDIT +SELINUX +APPARMOR +IMA -SMACK +SECCOMP +GCRYPT +GNUTLS +OPENSSL +ACL +BLKID +CURL +ELFUTILS +FIDO2 +IDN2 -IDN +IPTC +KMOD +LIBCRYPTSETUP +LIBFDISK +PCRE2 +PWQUALITY +P11KIT +QRENCODE +TPM2 +BZIP2 +LZ4 +XZ +ZLIB +ZSTD +BPF_FRAMEWORK -XKBCOMMON -UTMP +SYSVINIT default-hierarchy=unified)
Apr 06 19:28:13 workstation systemd[1]: Detected architecture x86-64.
Apr 06 19:28:13 workstation systemd[1]: Initializing machine ID from random generator.
Apr 06 19:28:13 workstation systemd[1]: Installed transient /etc/machine-id file.
Apr 06 19:28:13 workstation systemd[1]: bpf-lsm: LSM BPF program attached
Apr 06 19:28:13 workstation systemd[1]: /usr/lib/systemd/system/plymouth-start.service:15: Unit uses KillMode=none. This is unsafe, as it disables systemd's process lifecycle management for the service. Please update the service to use a safer KillMode=, such as 'mixed' or 'control-group'. Support for KillMode=none is deprecated and will eventually be removed.
